<html>
<body>
<pre>
<h1>礦ision Build Log</h1>
<h2>Tool Versions:</h2>
IDE-Version: μVision V5.36.0.0
Copyright (C) 2021 ARM Ltd and ARM Germany GmbH. All rights reserved.
License Information: Cai Flappy, HUST, LIC=JL28G-V9P4Q-BSAYX-HI4T2-IDFAP-TTKZ8
 
Tool Versions:
Toolchain:       MDK-ARM Plus  Version: 5.36.0.0
Toolchain Path:  D:\Keil_v5\ARM\ARMCC\Bin
C Compiler:      Armcc.exe V5.06 update 7 (build 960)
Assembler:       Armasm.exe V5.06 update 7 (build 960)
Linker/Locator:  ArmLink.exe V5.06 update 7 (build 960)
Library Manager: ArmAr.exe V5.06 update 7 (build 960)
Hex Converter:   FromElf.exe V5.06 update 7 (build 960)
CPU DLL:         SARMCM3.DLL V5.36.0.0
Dialog DLL:      DCM.DLL V1.17.3.0
Target DLL:      STLink\ST-LINKIII-KEIL_SWO.dll V3.0.9.0
Dialog DLL:      TCM.DLL V1.53.0.0
 
<h2>Project:</h2>
D:\code\keil projects\hardware_keshe\最小版本\Projects\MDK-ARM\atk_f103.uvprojx
Project File Date:  06/02/2026

<h2>Output:</h2>
*** Using Compiler 'V5.06 update 7 (build 960)', folder: 'D:\Keil_v5\ARM\ARMCC\Bin'
Build target 'TEST'
assembling startup_stm32f103xe.s...
compiling spb.c...
compiling calendar.c...
compiling led.c...
compiling sys.c...
compiling usart.c...
compiling settings.c...
compiling appplay.c...
compiling delay.c...
compiling ebook.c...
compiling common.c...
compiling main.c...
..\..\User\main.c(696): warning:  #1-D: last line of file ends without a newline
  }
..\..\User\main.c: 1 warning, 0 errors
compiling key.c...
compiling lcd.c...
compiling spi.c...
compiling spi_sdcard.c...
compiling norflash.c...
compiling 24cxx.c...
compiling adc.c...
compiling dma.c...
compiling myiic.c...
compiling remote.c...
compiling ds18b20.c...
compiling rtc.c...
..\..\Drivers\BSP\RTC\rtc.c(196): warning:  #223-D: function "OSIntEnter" declared implicitly
      OSIntEnter();
..\..\Drivers\BSP\RTC\rtc.c(220): warning:  #223-D: function "OSIntExit" declared implicitly
      OSIntExit();
..\..\Drivers\BSP\RTC\rtc.c: 2 warnings, 0 errors
compiling ctiic.c...
compiling ft5206.c...
compiling gt9xxx.c...
compiling touch.c...
compiling spblcd.c...
compiling nrf24l01.c...
compiling malloc.c...
compiling ch395q.c...
compiling ch395q_cmd.c...
compiling ff.c...
compiling diskio.c...
compiling ffsystem.c...
compiling exfuns.c...
compiling myffunicode.c...
compiling fattester.c...
assembling cpu_a.asm...
compiling bsp_cpu.c...
compiling fonts.c...
compiling cpu_c.c...
compiling text.c...
compiling cpu_core.c...
compiling lib_ascii.c...
compiling bmp.c...
compiling piclib.c...
compiling lib_math.c...
assembling os_cpu_a.asm...
compiling lib_mem.c...
compiling gif.c...
compiling lib_str.c...
compiling usmart.c...
compiling os_dbg.c...
compiling usmart_config.c...
compiling os_cpu_c.c...
compiling usmart_port.c...
compiling os_mbox.c...
compiling os_flag.c...
compiling os_mem.c...
compiling os_core.c...
compiling tjpgd.c...
compiling os_mutex.c...
compiling usmart_str.c...
compiling os_q.c...
compiling os_sem.c...
compiling os_time.c...
compiling os_tmr.c...
compiling os_task.c...
compiling app_hooks.c...
compiling edit.c...
compiling button.c...
compiling listbox.c...
compiling memo.c...
compiling scrollbar.c...
compiling pyinput.c...
compiling progressbar.c...
compiling filelistbox.c...
compiling window.c...
compiling gui.c...
..\..\Middlewares\GUI\gui.c(1217): warning:  #223-D: function "text_get_hz_mat" declared implicitly
      text_get_hz_mat(chr, dzk, size);    /* 得到相应大小的点阵数据 */
..\..\Middlewares\GUI\gui.c: 1 warning, 0 errors
compiling t9input.c...
compiling atk_ncr.c...
compiling usbd_core.c...
compiling usbd_ctlreq.c...
compiling usbd_ioreq.c...
compiling usbd_msc_bot.c...
compiling usbd_msc_data.c...
compiling usbd_msc.c...
compiling usbd_msc_scsi.c...
compiling usbd_desc.c...
compiling usbd_conf.c...
compiling stm32f1xx_hal_pcd_ex.c...
compiling stm32f1xx_hal_pcd.c...
compiling usbd_storage.c...
compiling stm32f1xx_ll_usb.c...
linking...
Program Size: Code=100996 RO-data=44168 RW-data=648 ZI-data=46480  
FromELF: creating hex file...
"..\..\Output\atk_f103.axf" - 0 Error(s), 4 Warning(s).

<h2>Software Packages used:</h2>

Package Vendor: Keil
                http://www.keil.com/pack/Keil.STM32F1xx_DFP.2.3.0.pack
                Keil.STM32F1xx_DFP.2.3.0
                STMicroelectronics STM32F1 Series Device Support, Drivers and Examples

<h2>Collection of Component include folders:</h2>
  D:\Keil_v5\Packs\Keil\STM32F1xx_DFP\2.3.0\Device\Include

<h2>Collection of Component Files used:</h2>
Build Time Elapsed:  00:00:08
</pre>
</body>
</html>
