Component: ARM Compiler 5.06 update 7 (build 960) Tool: armlink [4d3601]

==============================================================================

Section Cross References

    startup_stm32f103xe.o(STACK) refers (Special) to heapauxi.o(.text) for __use_two_region_memory
    startup_stm32f103xe.o(HEAP) refers (Special) to heapauxi.o(.text) for __use_two_region_memory
    startup_stm32f103xe.o(RESET) refers (Special) to heapauxi.o(.text) for __use_two_region_memory
    startup_stm32f103xe.o(RESET) refers to startup_stm32f103xe.o(STACK) for __initial_sp
    startup_stm32f103xe.o(RESET) refers to startup_stm32f103xe.o(.text) for Reset_Handler
    startup_stm32f103xe.o(RESET) refers to main.o(i.HardFault_Handler) for HardFault_Handler
    startup_stm32f103xe.o(RESET) refers to os_cpu_a.o(.text) for OS_CPU_PendSVHandler
    startup_stm32f103xe.o(RESET) refers to delay.o(i.SysTick_Handler) for SysTick_Handler
    startup_stm32f103xe.o(RESET) refers to rtc.o(i.RTC_IRQHandler) for RTC_IRQHandler
    startup_stm32f103xe.o(RESET) refers to adc.o(i.DMA1_Channel1_IRQHandler) for DMA1_Channel1_IRQHandler
    startup_stm32f103xe.o(RESET) refers to usbd_conf.o(i.USB_LP_CAN1_RX0_IRQHandler) for USB_LP_CAN1_RX0_IRQHandler
    startup_stm32f103xe.o(RESET) refers to usmart_port.o(i.TIM4_IRQHandler) for TIM4_IRQHandler
    startup_stm32f103xe.o(RESET) refers to usart.o(i.USART1_IRQHandler) for USART1_IRQHandler
    startup_stm32f103xe.o(RESET) refers to remote.o(i.TIM5_IRQHandler) for TIM5_IRQHandler
    startup_stm32f103xe.o(.text) refers (Special) to heapauxi.o(.text) for __use_two_region_memory
    startup_stm32f103xe.o(.text) refers to __main.o(!!!main) for __main
    startup_stm32f103xe.o(.text) refers to startup_stm32f103xe.o(HEAP) for Heap_Mem
    startup_stm32f103xe.o(.text) refers to startup_stm32f103xe.o(STACK) for Stack_Mem
    main.o(i.HardFault_Handler) refers to _printf_pad.o(.text) for _printf_pre_padding
    main.o(i.HardFault_Handler) refers to _printf_percent.o(.ARM.Collect$$_printf_percent$$00000000) for _printf_percent
    main.o(i.HardFault_Handler) refers to _printf_x.o(.ARM.Collect$$_printf_percent$$0000000C) for _printf_x
    main.o(i.HardFault_Handler) refers to _printf_hex_int.o(.text) for _printf_longlong_hex
    main.o(i.HardFault_Handler) refers to noretval__2printf.o(.text) for __2printf
    main.o(i.HardFault_Handler) refers to sys.o(i.sys_gpio_pin_set) for sys_gpio_pin_set
    main.o(i.main) refers to main.o(i.system_init) for system_init
    main.o(i.main) refers to os_core.o(i.OSInit) for OSInit
    main.o(i.main) refers to os_task.o(i.OSTaskCreateExt) for OSTaskCreateExt
    main.o(i.main) refers to os_core.o(i.OSStart) for OSStart
    main.o(i.main) refers to main.o(.bss) for .bss
    main.o(i.main) refers to main.o(i.start_task) for start_task
    main.o(i.main_task) refers to ebook.o(i.ebook_play) for ebook_play
    main.o(i.start_task) refers to os_cpu_c.o(i.OS_CPU_SysTickInit) for OS_CPU_SysTickInit
    main.o(i.start_task) refers to os_core.o(i.OSStatInit) for OSStatInit
    main.o(i.start_task) refers to common.o(i.app_srand) for app_srand
    main.o(i.start_task) refers to os_cpu_a.o(.text) for OS_CPU_SR_Save
    main.o(i.start_task) refers to os_task.o(i.OSTaskCreateExt) for OSTaskCreateExt
    main.o(i.start_task) refers to os_task.o(i.OSTaskSuspend) for OSTaskSuspend
    main.o(i.start_task) refers to os_core.o(.data) for OSTime
    main.o(i.start_task) refers to main.o(.bss) for .bss
    main.o(i.start_task) refers to main.o(i.main_task) for main_task
    main.o(i.start_task) refers to main.o(i.usart_task) for usart_task
    main.o(i.start_task) refers to main.o(i.watch_task) for watch_task
    main.o(i.system_error_show) refers to lcd.o(i.lcd_show_string) for lcd_show_string
    main.o(i.system_error_show) refers to delay.o(i.delay_ms) for delay_ms
    main.o(i.system_error_show) refers to lcd.o(i.lcd_fill) for lcd_fill
    main.o(i.system_error_show) refers to sys.o(i.sys_gpio_pin_set) for sys_gpio_pin_set
    main.o(i.system_error_show) refers to lcd.o(.bss) for lcddev
    main.o(i.system_error_show_pass) refers to sys.o(i.sys_gpio_pin_set) for sys_gpio_pin_set
    main.o(i.system_error_show_pass) refers to lcd.o(i.lcd_show_string) for lcd_show_string
    main.o(i.system_error_show_pass) refers to delay.o(i.delay_ms) for delay_ms
    main.o(i.system_error_show_pass) refers to lcd.o(.bss) for lcddev
    main.o(i.system_files_erase) refers to lcd.o(i.lcd_show_string) for lcd_show_string
    main.o(i.system_files_erase) refers to gui.o(i.gui_fill_rectangle) for gui_fill_rectangle
    main.o(i.system_files_erase) refers to sys.o(i.sys_gpio_pin_set) for sys_gpio_pin_set
    main.o(i.system_files_erase) refers to key.o(i.key_scan) for key_scan
    main.o(i.system_files_erase) refers to delay.o(i.delay_ms) for delay_ms
    main.o(i.system_files_erase) refers to fonts.o(i.fonts_progress_show) for fonts_progress_show
[...]
    OSTaskIdleStk                            0x2000ace0   Data         256  os_core.o(.bss)
    OSTCBPrioTbl                             0x2000ade0   Data         256  os_core.o(.bss)
    OSTCBTbl                                 0x2000aee0   Data        1008  os_core.o(.bss)
    OSFlagTbl                                0x2000b2d0   Data          80  os_core.o(.bss)
    OSQTbl                                   0x2000b320   Data         120  os_core.o(.bss)
    gui_phy                                  0x2000b398   Data          29  gui.o(.bss)
    __libspace_start                         0x2000b3b8   Data          96  libspace.o(.bss)
    __temporary_stack_top$libspace           0x2000b418   Data           0  libspace.o(.bss)



==============================================================================

Memory Map of the image

  Image Entry point : 0x08000131

  Load Region LR_IROM1 (Base: 0x08000000, Size: 0x00023994, Max: 0x00060000, ABSOLUTE, COMPRESSED[0x000237ac])

    Execution Region ER_IROM1 (Exec base: 0x08000000, Load base: 0x08000000, Size: 0x0002370c, Max: 0x00060000, ABSOLUTE)

    Exec Addr    Load Addr    Size         Type   Attr      Idx    E Section Name        Object

    0x08000000   0x08000000   0x00000130   Data   RO            3    RESET               startup_stm32f103xe.o
    0x08000130   0x08000130   0x00000008   Code   RO         8960  * !!!main             c_w.l(__main.o)
    0x08000138   0x08000138   0x00000034   Code   RO         9307    !!!scatter          c_w.l(__scatter.o)
    0x0800016c   0x0800016c   0x0000005a   Code   RO         9305    !!dczerorl2         c_w.l(__dczerorl2.o)
    0x080001c6   0x080001c6   0x00000002   PAD
    0x080001c8   0x080001c8   0x0000001c   Code   RO         9309    !!handler_zi        c_w.l(__scatter_zi.o)
    0x080001e4   0x080001e4   0x00000000   Code   RO         8932    .ARM.Collect$$_printf_percent$$00000000  c_w.l(_printf_percent.o)
    0x080001e4   0x080001e4   0x00000006   Code   RO         8931    .ARM.Collect$$_printf_percent$$00000003  c_w.l(_printf_f.o)
    0x080001ea   0x080001ea   0x00000006   Code   RO         8929    .ARM.Collect$$_printf_percent$$00000009  c_w.l(_printf_d.o)
    0x080001f0   0x080001f0   0x00000006   Code   RO         8930    .ARM.Collect$$_printf_percent$$0000000A  c_w.l(_printf_u.o)
    0x080001f6   0x080001f6   0x00000006   Code   RO         8928    .ARM.Collect$$_printf_percent$$0000000C  c_w.l(_printf_x.o)
    0x080001fc   0x080001fc   0x00000006   Code   RO         8926    .ARM.Collect$$_printf_percent$$00000013  c_w.l(_printf_c.o)
    0x08000202   0x08000202   0x00000006   Code   RO         8927    .ARM.Collect$$_printf_percent$$00000014  c_w.l(_printf_s.o)
    0x08000208   0x08000208   0x00000004   Code   RO         9063    .ARM.Collect$$_printf_percent$$00000017  c_w.l(_printf_percent_end.o)
    0x0800020c   0x0800020c   0x00000002   Code   RO         9183    .ARM.Collect$$libinit$$00000000  c_w.l(libinit.o)
    0x0800020e   0x0800020e   0x00000000   Code   RO         9185    .ARM.Collect$$libinit$$00000002  c_w.l(libinit2.o)
    0x0800020e   0x0800020e   0x00000000   Code   RO         9187    .ARM.Collect$$libinit$$00000004  c_w.l(libinit2.o)
    0x0800020e   0x0800020e   0x00000000   Code   RO         9190    .ARM.Collect$$libinit$$0000000A  c_w.l(libinit2.o)
    0x0800020e   0x0800020e   0x00000000   Code   RO         9192    .ARM.Collect$$libinit$$0000000C  c_w.l(libinit2.o)
    0x0800020e   0x0800020e   0x00000000   Code   RO         9194    .ARM.Collect$$libinit$$0000000E  c_w.l(libinit2.o)
    0x0800020e   0x0800020e   0x00000006   Code   RO         9195    .ARM.Collect$$libinit$$0000000F  c_w.l(libinit2.o)
    0x08000214   0x08000214   0x00000000   Code   RO         9197    .ARM.Collect$$libinit$$00000011  c_w.l(libinit2.o)
    0x08000214   0x08000214   0x00000000   Code   RO         9199    .ARM.Collect$$libinit$$00000013  c_w.l(libinit2.o)
    0x08000214   0x08000214   0x00000000   Code   RO         9201    .ARM.Collect$$libinit$$00000015  c_w.l(libinit2.o)
    0x08000214   0x08000214   0x0000000a   Code   RO         9202    .ARM.Collect$$libinit$$00000016  c_w.l(libinit2.o)
    0x0800021e   0x0800021e   0x00000000   Code   RO         9203    .ARM.Collect$$libinit$$00000017  c_w.l(libinit2.o)
    0x0800021e   0x0800021e   0x00000000   Code   RO         9205    .ARM.Collect$$libinit$$00000019  c_w.l(libinit2.o)
    0x0800021e   0x0800021e   0x00000000   Code   RO         9207    .ARM.Collect$$libinit$$0000001B  c_w.l(libinit2.o)
    0x0800021e   0x0800021e   0x00000000   Code   RO         9209    .ARM.Collect$$libinit$$0000001D  c_w.l(libinit2.o)
    0x0800021e   0x0800021e   0x00000000   Code   RO         9211    .ARM.Collect$$libinit$$0000001F  c_w.l(libinit2.o)
    0x0800021e   0x0800021e   0x00000000   Code   RO         9213    .ARM.Collect$$libinit$$00000021  c_w.l(libinit2.o)
    0x0800021e   0x0800021e   0x00000000   Code   RO         9215    .ARM.Collect$$libinit$$00000023  c_w.l(libinit2.o)
    0x0800021e   0x0800021e   0x00000000   Code   RO         9217    .ARM.Collect$$libinit$$00000025  c_w.l(libinit2.o)
    0x0800021e   0x0800021e   0x00000000   Code   RO         9221    .ARM.Collect$$libinit$$0000002C  c_w.l(libinit2.o)
    0x0800021e   0x0800021e   0x00000000   Code   RO         9223    .ARM.Collect$$libinit$$0000002E  c_w.l(libinit2.o)
    0x0800021e   0x0800021e   0x00000000   Code   RO         9225    .ARM.Collect$$libinit$$00000030  c_w.l(libinit2.o)
    0x0800021e   0x0800021e   0x00000000   Code   RO         9227    .ARM.Collect$$libinit$$00000032  c_w.l(libinit2.o)
    0x0800021e   0x0800021e   0x00000002   Code   RO         9228    .ARM.Collect$$libinit$$00000033  c_w.l(libinit2.o)
    0x08000220   0x08000220   0x00000002   Code   RO         9268    .ARM.Collect$$libshutdown$$00000000  c_w.l(libshutdown.o)
    0x08000222   0x08000222   0x00000000   Code   RO         9286    .ARM.Collect$$libshutdown$$00000002  c_w.l(libshutdown2.o)
    0x08000222   0x08000222   0x00000000   Code   RO         9288    .ARM.Collect$$libshutdown$$00000004  c_w.l(libshutdown2.o)
    0x08000222   0x08000222   0x00000000   Code   RO         9290    .ARM.Collect$$libshutdown$$00000006  c_w.l(libshutdown2.o)
    0x08000222   0x08000222   0x00000000   Code   RO         9293    .ARM.Collect$$libshutdown$$00000009  c_w.l(libshutdown2.o)
    0x08000222   0x08000222   0x00000000   Code   RO         9296    .ARM.Collect$$libshutdown$$0000000C  c_w.l(libshutdown2.o)
    0x08000222   0x08000222   0x00000000   Code   RO         9298    .ARM.Collect$$libshutdown$$0000000E  c_w.l(libshutdown2.o)
    0x08000222   0x08000222   0x00000000   Code   RO         9301    .ARM.Collect$$libshutdown$$00000011  c_w.l(libshutdown2.o)
    0x08000222   0x08000222   0x00000002   Code   RO         9302    .ARM.Collect$$libshutdown$$00000012  c_w.l(libshutdown2.o)
    0x08000224   0x08000224   0x00000000   Code   RO         9042    .ARM.Collect$$rtentry$$00000000  c_w.l(__rtentry.o)
    0x08000224   0x08000224   0x00000000   Code   RO         9101    .ARM.Collect$$rtentry$$00000002  c_w.l(__rtentry2.o)
    0x08000224   0x08000224   0x00000006   Code   RO         9113    .ARM.Collect$$rtentry$$00000004  c_w.l(__rtentry4.o)
    0x0800022a   0x0800022a   0x00000000   Code   RO         9103    .ARM.Collect$$rtentry$$00000009  c_w.l(__rtentry2.o)
    0x0800022a   0x0800022a   0x00000004   Code   RO         9104    .ARM.Collect$$rtentry$$0000000A  c_w.l(__rtentry2.o)
    0x0800022e   0x0800022e   0x00000000   Code   RO         9106    .ARM.Collect$$rtentry$$0000000C  c_w.l(__rtentry2.o)
    0x0800022e   0x0800022e   0x00000008   Code   RO         9107    .ARM.Collect$$rtentry$$0000000D  c_w.l(__rtentry2.o)
    0x08000236   0x08000236   0x00000002   Code   RO         9231    .ARM.Collect$$rtexit$$00000000  c_w.l(rtexit.o)
    0x08000238   0x08000238   0x00000000   Code   RO         9244    .ARM.Collect$$rtexit$$00000002  c_w.l(rtexit2.o)
    0x08000238   0x08000238   0x00000004   Code   RO         9245    .ARM.Collect$$rtexit$$00000003  c_w.l(rtexit2.o)
    0x0800023c   0x0800023c   0x00000006   Code   RO         9246    .ARM.Collect$$rtexit$$00000004  c_w.l(rtexit2.o)
    0x08000242   0x08000242   0x00000002   PAD
    0x08000244   0x08000244   0x00000034   Code   RO            4    .text               startup_stm32f103xe.o
    0x08000278   0x08000278   0x00000114   Code   RO         4949    .text               os_cpu_a.o
    0x0800038c   0x0800038c   0x00000002   Code   RO         8861    .text               c_w.l(use_no_semi_2.o)
    0x0800038e   0x0800038e   0x000000ee   Code   RO         8863    .text               c_w.l(lludivv7m.o)
    0x0800047c   0x0800047c   0x00000048   Code   RO         8865    .text               c_w.l(llsdiv.o)
    0x080004c4   0x080004c4   0x00000018   Code   RO         8871    .text               c_w.l(noretval__2printf.o)
    0x080004dc   0x080004dc   0x00000028   Code   RO         8873    .text               c_w.l(noretval__2sprintf.o)
    0x08000504   0x08000504   0x0000004e   Code   RO         8877    .text               c_w.l(_printf_pad.o)
    0x08000552   0x08000552   0x00000052   Code   RO         8879    .text               c_w.l(_printf_str.o)
    0x080005a4   0x080005a4   0x00000078   Code   RO         8881    .text               c_w.l(_printf_dec.o)
    0x0800061c   0x0800061c   0x00000058   Code   RO         8888    .text               c_w.l(_printf_hex_int.o)
    0x08000674   0x08000674   0x00000188   Code   RO         8923    .text               c_w.l(__printf_flags_ss_wp.o)
    0x080007fc   0x080007fc   0x00000014   Code   RO         8934    .text               c_w.l(strchr.o)
    0x08000810   0x08000810   0x00000024   Code   RO         8936    .text               c_w.l(strstr.o)
    0x08000834   0x08000834   0x00000058   Code   RO         8938    .text               c_w.l(memcmp.o)
    0x0800088c   0x0800088c   0x00000048   Code   RO         8940    .text               c_w.l(strcpy.o)
    0x080008d4   0x080008d4   0x0000003e   Code   RO         8942    .text               c_w.l(strlen.o)
    0x08000912   0x08000912   0x00000018   Code   RO         8944    .text               c_w.l(strcat.o)
    0x0800092a   0x0800092a   0x0000008a   Code   RO         8946    .text               c_w.l(rt_memcpy_v6.o)
    0x080009b4   0x080009b4   0x00000064   Code   RO         8948    .text               c_w.l(rt_memcpy_w.o)
    0x08000a18   0x08000a18   0x00000010   Code   RO         8950    .text               c_w.l(aeabi_memset.o)
    0x08000a28   0x08000a28   0x00000044   Code   RO         8952    .text               c_w.l(rt_memclr.o)
    0x08000a6c   0x08000a6c   0x0000004e   Code   RO         8954    .text               c_w.l(rt_memclr_w.o)
    0x08000aba   0x08000aba   0x00000002   PAD
    0x08000abc   0x08000abc   0x00000080   Code   RO         8956    .text               c_w.l(strcmpv7m.o)
    0x08000b3c   0x08000b3c   0x00000006   Code   RO         8958    .text               c_w.l(heapauxi.o)
    0x08000b42   0x08000b42   0x00000002   Code   RO         9040    .text               c_w.l(use_no_semi.o)
    0x08000b44   0x08000b44   0x0000008a   Code   RO         9047    .text               c_w.l(lludiv10.o)
    0x08000bce   0x08000bce   0x000000b2   Code   RO         9051    .text               c_w.l(_printf_intcommon.o)
    0x08000c80   0x08000c80   0x0000041e   Code   RO         9053    .text               c_w.l(_printf_fp_dec.o)
    0x0800109e   0x0800109e   0x00000002   PAD
    0x080010a0   0x080010a0   0x00000030   Code   RO         9055    .text               c_w.l(_printf_char_common.o)
    0x080010d0   0x080010d0   0x0000000a   Code   RO         9057    .text               c_w.l(_sputc.o)
    0x080010da   0x080010da   0x0000002c   Code   RO         9059    .text               c_w.l(_printf_char.o)
    0x08001106   0x08001106   0x00000002   PAD
    0x08001108   0x08001108   0x00000024   Code   RO         9061    .text               c_w.l(_printf_char_file.o)
    0x0800112c   0x0800112c   0x00000008   Code   RO         9120    .text               c_w.l(rt_locale_intlibspace.o)
    0x08001134   0x08001134   0x00000080   Code   RO         9127    .text               c_w.l(_printf_fp_infnan.o)
    0x080011b4   0x080011b4   0x000000e4   Code   RO         9131    .text               c_w.l(bigflt0.o)
    0x08001298   0x08001298   0x00000008   Code   RO         9156    .text               c_w.l(ferror.o)
    0x080012a0   0x080012a0   0x00000008   Code   RO         9167    .text               c_w.l(libspace.o)
    0x080012a8   0x080012a8   0x0000004a   Code   RO         9170    .text               c_w.l(sys_stackheap_outer.o)
    0x080012f2   0x080012f2   0x00000012   Code   RO         9172    .text               c_w.l(exit.o)
    0x08001304   0x08001304   0x0000003e   Code   RO         9134    CL$$btod_d2e        c_w.l(btod.o)
    0x08001342   0x08001342   0x00000046   Code   RO         9136    CL$$btod_d2e_denorm_low  c_w.l(btod.o)
    0x08001388   0x08001388   0x00000060   Code   RO         9135    CL$$btod_d2e_norm_op1  c_w.l(btod.o)
    0x080013e8   0x080013e8   0x00000338   Code   RO         9144    CL$$btod_div_common  c_w.l(btod.o)
    0x08001720   0x08001720   0x000000dc   Code   RO         9141    CL$$btod_e2e        c_w.l(btod.o)
    0x080017fc   0x080017fc   0x0000002a   Code   RO         9138    CL$$btod_ediv       c_w.l(btod.o)
    0x08001826   0x08001826   0x0000002a   Code   RO         9137    CL$$btod_emul       c_w.l(btod.o)
    0x08001850   0x08001850   0x00000244   Code   RO         9143    CL$$btod_mult_common  c_w.l(btod.o)
    0x08001a94   0x08001a94   0x00000020   Code   RO         1476    i.DMA1_Channel1_IRQHandler  adc.o
    0x08001ab4   0x08001ab4   0x0000000e   Code   RO         8009    i.HAL_PCD_DataInStageCallback  usbd_conf.o
    0x08001ac2   0x08001ac2   0x00000010   Code   RO         8010    i.HAL_PCD_DataOutStageCallback  usbd_conf.o
    0x08001ad2   0x08001ad2   0x00000058   Code   RO         8372    i.HAL_PCD_EP_ClrStall  stm32f1xx_hal_pcd.o
    0x08001b2a   0x08001b2a   0x0000005c   Code   RO         8375    i.HAL_PCD_EP_Open   stm32f1xx_hal_pcd.o
    0x08001b86   0x08001b86   0x0000002e   Code   RO         8376    i.HAL_PCD_EP_Receive  stm32f1xx_hal_pcd.o
    0x08001bb4   0x08001bb4   0x0000006a   Code   RO         8377    i.HAL_PCD_EP_SetStall  stm32f1xx_hal_pcd.o
    0x08001c1e   0x08001c1e   0x0000002a   Code   RO         8378    i.HAL_PCD_EP_Transmit  stm32f1xx_hal_pcd.o
    0x08001c48   0x08001c48   0x00000116   Code   RO         8380    i.HAL_PCD_IRQHandler  stm32f1xx_hal_pcd.o
    0x08001d5e   0x08001d5e   0x00000002   PAD
    0x08001d60   0x08001d60   0x0000003c   Code   RO         8015    i.HAL_PCD_ResetCallback  usbd_conf.o
    0x08001d9c   0x08001d9c   0x0000002c   Code   RO         8016    i.HAL_PCD_ResumeCallback  usbd_conf.o
    0x08001dc8   0x08001dc8   0x00000008   Code   RO         8017    i.HAL_PCD_SOFCallback  usbd_conf.o
    0x08001dd0   0x08001dd0   0x00000028   Code   RO         8389    i.HAL_PCD_SetAddress  stm32f1xx_hal_pcd.o
    0x08001df8   0x08001df8   0x0000000e   Code   RO         8018    i.HAL_PCD_SetupStageCallback  usbd_conf.o
    0x08001e06   0x08001e06   0x00000002   PAD
    0x08001e08   0x08001e08   0x0000003c   Code   RO         8019    i.HAL_PCD_SuspendCallback  usbd_conf.o
    0x08001e44   0x08001e44   0x00000098   Code   RO           13    i.HardFault_Handler  main.o
    0x08001edc   0x08001edc   0x000000cc   Code   RO         5064    i.OSInit            os_core.o
    0x08001fa8   0x08001fa8   0x0000002c   Code   RO         4961    i.OSInitHookBegin   os_cpu_c.o
    0x08001fd4   0x08001fd4   0x00000002   Code   RO         4962    i.OSInitHookEnd     os_cpu_c.o
    0x08001fd6   0x08001fd6   0x00000002   PAD
    0x08001fd8   0x08001fd8   0x00000018   Code   RO         5065    i.OSIntEnter        os_core.o
    0x08001ff0   0x08001ff0   0x0000005c   Code   RO         5066    i.OSIntExit         os_core.o
    0x0800204c   0x0800204c   0x0000002c   Code   RO         5067    i.OSSchedLock       os_core.o
    0x08002078   0x08002078   0x0000003c   Code   RO         5068    i.OSSchedUnlock     os_core.o
    0x080020b4   0x080020b4   0x00000030   Code   RO         5069    i.OSStart           os_core.o
    0x080020e4   0x080020e4   0x00000038   Code   RO         5070    i.OSStatInit        os_core.o
    0x0800211c   0x0800211c   0x00000002   Code   RO         4963    i.OSTCBInitHook     os_cpu_c.o
    0x0800211e   0x0800211e   0x00000002   PAD
    0x08002120   0x08002120   0x000000a0   Code   RO         5559    i.OSTaskCreateExt   os_task.o
    0x080021c0   0x080021c0   0x00000002   Code   RO         4964    i.OSTaskCreateHook  os_cpu_c.o
    0x080021c2   0x080021c2   0x00000002   PAD
    0x080021c4   0x080021c4   0x00000138   Code   RO         5560    i.OSTaskDel         os_task.o
    0x080022fc   0x080022fc   0x00000002   Code   RO         4965    i.OSTaskDelHook     os_cpu_c.o
    0x080022fe   0x080022fe   0x00000002   Code   RO         4966    i.OSTaskIdleHook    os_cpu_c.o
    0x08002300   0x08002300   0x00000054   Code   RO         5563    i.OSTaskNameSet     os_task.o
    0x08002354   0x08002354   0x00000002   Code   RO         4967    i.OSTaskReturnHook  os_cpu_c.o
    0x08002356   0x08002356   0x00000002   Code   RO         4968    i.OSTaskStatHook    os_cpu_c.o
    0x08002358   0x08002358   0x0000006c   Code   RO         5569    i.OSTaskStkChk      os_task.o
    0x080023c4   0x080023c4   0x00000070   Code   RO         4969    i.OSTaskStkInit     os_cpu_c.o
    0x08002434   0x08002434   0x00000094   Code   RO         5570    i.OSTaskSuspend     os_task.o
    0x080024c8   0x080024c8   0x00000002   Code   RO         4970    i.OSTaskSwHook      os_cpu_c.o
    0x080024ca   0x080024ca   0x00000002   PAD
    0x080024cc   0x080024cc   0x00000068   Code   RO         5659    i.OSTimeDly         os_time.o
    0x08002534   0x08002534   0x000000a4   Code   RO         5071    i.OSTimeTick        os_core.o
    0x080025d8   0x080025d8   0x00000002   Code   RO         4971    i.OSTimeTickHook    os_cpu_c.o
    0x080025da   0x080025da   0x00000020   Code   RO         4972    i.OS_CPU_SysTickHandler  os_cpu_c.o
    0x080025fa   0x080025fa   0x00000002   PAD
    0x080025fc   0x080025fc   0x0000002c   Code   RO         4973    i.OS_CPU_SysTickInit  os_cpu_c.o
    0x08002628   0x08002628   0x00000002   Code   RO         5073    i.OS_Dummy          os_core.o
    0x0800262a   0x0800262a   0x00000024   Code   RO         5075    i.OS_EventTaskRemove  os_core.o
    0x0800264e   0x0800264e   0x00000002   PAD
    0x08002650   0x08002650   0x00000048   Code   RO         5252    i.OS_FlagInit       os_flag.o
    0x08002698   0x08002698   0x00000020   Code   RO         5254    i.OS_FlagUnlink     os_flag.o
    0x080026b8   0x080026b8   0x00000058   Code   RO         5078    i.OS_InitEventList  os_core.o
    0x08002710   0x08002710   0x00000020   Code   RO         5079    i.OS_InitMisc       os_core.o
    0x08002730   0x08002730   0x00000070   Code   RO         5080    i.OS_InitTCBList    os_core.o
    0x080027a0   0x080027a0   0x00000012   Code   RO         5081    i.OS_MemClr         os_core.o
    0x080027b2   0x080027b2   0x00000002   PAD
    0x080027b4   0x080027b4   0x00000044   Code   RO         5441    i.OS_QInit          os_q.o
    0x080027f8   0x080027f8   0x0000004c   Code   RO         5083    i.OS_Sched          os_core.o
    0x08002844   0x08002844   0x00000020   Code   RO         5084    i.OS_SchedNew       os_core.o
    0x08002864   0x08002864   0x000000f8   Code   RO         5086    i.OS_TCBInit        os_core.o
    0x0800295c   0x0800295c   0x0000001c   Code   RO         5087    i.OS_TaskIdle       os_core.o
    0x08002978   0x08002978   0x00000018   Code   RO         5571    i.OS_TaskReturn     os_task.o
    0x08002990   0x08002990   0x0000008c   Code   RO         5088    i.OS_TaskStat       os_core.o
    0x08002a1c   0x08002a1c   0x00000038   Code   RO         5089    i.OS_TaskStatStkChk  os_core.o
    0x08002a54   0x08002a54   0x00000016   Code   RO         5572    i.OS_TaskStkClr     os_task.o
    0x08002a6a   0x08002a6a   0x000002b0   Code   RO         8394    i.PCD_EP_ISR_Handler  stm32f1xx_hal_pcd.o
    0x08002d1a   0x08002d1a   0x00000002   PAD
    0x08002d1c   0x08002d1c   0x00000084   Code   RO         1815    i.RTC_IRQHandler    rtc.o
    0x08002da0   0x08002da0   0x00000014   Code   RO          699    i.SysTick_Handler   delay.o
    0x08002db4   0x08002db4   0x00000034   Code   RO         4160    i.TIM4_IRQHandler   usmart_port.o
    0x08002de8   0x08002de8   0x000000ec   Code   RO         1773    i.TIM5_IRQHandler   remote.o
    0x08002ed4   0x08002ed4   0x00000064   Code   RO          869    i.USART1_IRQHandler  usart.o
    0x08002f38   0x08002f38   0x0000000e   Code   RO         7442    i.USBD_ClrClassConfig  usbd_core.o
    0x08002f46   0x08002f46   0x00000010   Code   RO         7684    i.USBD_CtlContinueRx  usbd_ioreq.o
    0x08002f56   0x08002f56   0x00000010   Code   RO         7685    i.USBD_CtlContinueSendData  usbd_ioreq.o
    0x08002f66   0x08002f66   0x00000016   Code   RO         7610    i.USBD_CtlError     usbd_ctlreq.o
    0x08002f7c   0x08002f7c   0x00000016   Code   RO         7687    i.USBD_CtlReceiveStatus  usbd_ioreq.o
    0x08002f92   0x08002f92   0x0000001a   Code   RO         7688    i.USBD_CtlSendData  usbd_ioreq.o
    0x08002fac   0x08002fac   0x00000016   Code   RO         7689    i.USBD_CtlSendStatus  usbd_ioreq.o
    0x08002fc2   0x08002fc2   0x000000e8   Code   RO         7611    i.USBD_GetDescriptor  usbd_ctlreq.o
    0x080030aa   0x080030aa   0x0000000e   Code   RO         8020    i.USBD_LL_ClearStallEP  usbd_conf.o
    0x080030b8   0x080030b8   0x000000c6   Code   RO         7445    i.USBD_LL_DataInStage  usbd_core.o
    0x0800317e   0x0800317e   0x00000082   Code   RO         7446    i.USBD_LL_DataOutStage  usbd_core.o
    0x08003200   0x08003200   0x0000001c   Code   RO         8027    i.USBD_LL_IsStallEP  usbd_conf.o
    0x0800321c   0x0800321c   0x00000014   Code   RO         8028    i.USBD_LL_OpenEP    usbd_conf.o
    0x08003230   0x08003230   0x0000000e   Code   RO         8029    i.USBD_LL_PrepareReceive  usbd_conf.o
    0x0800323e   0x0800323e   0x00000050   Code   RO         7451    i.USBD_LL_Reset     usbd_core.o
    0x0800328e   0x0800328e   0x00000014   Code   RO         7452    i.USBD_LL_Resume    usbd_core.o
    0x080032a2   0x080032a2   0x00000018   Code   RO         7453    i.USBD_LL_SOF       usbd_core.o
    0x080032ba   0x080032ba   0x00000006   Code   RO         7454    i.USBD_LL_SetSpeed  usbd_core.o
    0x080032c0   0x080032c0   0x00000018   Code   RO         8030    i.USBD_LL_SetUSBAddress  usbd_conf.o
    0x080032d8   0x080032d8   0x0000005a   Code   RO         7455    i.USBD_LL_SetupStage  usbd_core.o
    0x08003332   0x08003332   0x0000000e   Code   RO         8031    i.USBD_LL_StallEP   usbd_conf.o
    0x08003340   0x08003340   0x00000012   Code   RO         7456    i.USBD_LL_Suspend   usbd_core.o
    0x08003352   0x08003352   0x0000000e   Code   RO         8034    i.USBD_LL_Transmit  usbd_conf.o
    0x08003360   0x08003360   0x00000028   Code   RO         7613    i.USBD_ParseSetupRequest  usbd_ctlreq.o
    0x08003388   0x08003388   0x00000016   Code   RO         7459    i.USBD_SetClassConfig  usbd_core.o
    0x0800339e   0x0800339e   0x00000002   PAD
    0x080033a0   0x080033a0   0x00000084   Code   RO         7614    i.USBD_SetConfig    usbd_ctlreq.o
    0x08003424   0x08003424   0x00000112   Code   RO         7615    i.USBD_StdDevReq    usbd_ctlreq.o
    0x08003536   0x08003536   0x00000150   Code   RO         7616    i.USBD_StdEPReq     usbd_ctlreq.o
    0x08003686   0x08003686   0x0000004e   Code   RO         7617    i.USBD_StdItfReq    usbd_ctlreq.o
    0x080036d4   0x080036d4   0x00000290   Code   RO         8619    i.USB_ActivateEndpoint  stm32f1xx_ll_usb.o
    0x08003964   0x08003964   0x00000004   Code   RO         8629    i.USB_EP0_OutStart  stm32f1xx_ll_usb.o
    0x08003968   0x08003968   0x00000074   Code   RO         8630    i.USB_EPClearStall  stm32f1xx_ll_usb.o
    0x080039dc   0x080039dc   0x00000032   Code   RO         8631    i.USB_EPSetStall    stm32f1xx_ll_usb.o
    0x08003a0e   0x08003a0e   0x0000019c   Code   RO         8632    i.USB_EPStartXfer   stm32f1xx_ll_usb.o
    0x08003baa   0x08003baa   0x00000002   PAD
    0x08003bac   0x08003bac   0x0000001c   Code   RO         8035    i.USB_LP_CAN1_RX0_IRQHandler  usbd_conf.o
    0x08003bc8   0x08003bc8   0x00000006   Code   RO         8640    i.USB_ReadInterrupts  stm32f1xx_ll_usb.o
    0x08003bce   0x08003bce   0x0000002a   Code   RO         8641    i.USB_ReadPMA       stm32f1xx_ll_usb.o
    0x08003bf8   0x08003bf8   0x0000000c   Code   RO         8644    i.USB_SetDevAddress  stm32f1xx_ll_usb.o
    0x08003c04   0x08003c04   0x00000026   Code   RO         8647    i.USB_WritePMA      stm32f1xx_ll_usb.o
    0x08003c2a   0x08003c2a   0x00000028   Code   RO         9165    i.__ARM_fpclassify  m_ws.l(fpclassify.o)
    0x08003c52   0x08003c52   0x0000000e   Code   RO         8916    i._is_digit         c_w.l(__printf_wp.o)
    0x08003c60   0x08003c60   0x00000002   Code   RO          871    i._sys_exit         usart.o
    0x08003c62   0x08003c62   0x00000002   PAD
    0x08003c64   0x08003c64   0x000000c8   Code   RO         1483    i.adc_init          adc.o
    0x08003d2c   0x08003d2c   0x00000018   Code   RO         1485    i.adc_temperature_init  adc.o
    0x08003d44   0x08003d44   0x00000022   Code   RO         3942    i.alloc_pool        tjpgd.o
    0x08003d66   0x08003d66   0x00000002   PAD
    0x08003d68   0x08003d68   0x00000120   Code   RO          352    i.app_boot_cpdmsg   common.o
    0x08003e88   0x08003e88   0x00000010   Code   RO          353    i.app_boot_cpdmsg_set  common.o
    0x08003e98   0x08003e98   0x0000005a   Code   RO          355    i.app_file_check    common.o
    0x08003ef2   0x08003ef2   0x00000002   PAD
    0x08003ef4   0x08003ef4   0x0000005c   Code   RO          356    i.app_filebrower    common.o
    0x08003f50   0x08003f50   0x0000007c   Code   RO          360    i.app_get_version   common.o
    0x08003fcc   0x08003fcc   0x0000008a   Code   RO          362    i.app_gui_tcbar     common.o
    0x08004056   0x08004056   0x00000002   PAD
    0x08004058   0x08004058   0x00000080   Code   RO          372    i.app_show_mono_icos  common.o
    0x080040d8   0x080040d8   0x0000000c   Code   RO          374    i.app_srand         common.o
    0x080040e4   0x080040e4   0x000000e0   Code   RO          375    i.app_system_file_check  common.o
    0x080041c4   0x080041c4   0x00000012   Code   RO          376    i.app_system_file_chgdisk  common.o
    0x080041d6   0x080041d6   0x00000002   PAD
    0x080041d8   0x080041d8   0x0000000c   Code   RO          377    i.app_system_parameter_init  common.o
    0x080041e4   0x080041e4   0x00000124   Code   RO          378    i.app_system_update  common.o
    0x08004308   0x08004308   0x00000028   Code   RO         1560    i.at24cxx_check     24cxx.o
    0x08004330   0x08004330   0x00000004   Code   RO         1561    i.at24cxx_init      24cxx.o
    0x08004334   0x08004334   0x00000020   Code   RO         1562    i.at24cxx_read      24cxx.o
    0x08004354   0x08004354   0x00000042   Code   RO         1563    i.at24cxx_read_one_byte  24cxx.o
    0x08004396   0x08004396   0x00000020   Code   RO         1564    i.at24cxx_write     24cxx.o
    0x080043b6   0x080043b6   0x0000003e   Code   RO         1565    i.at24cxx_write_one_byte  24cxx.o
    0x080043f4   0x080043f4   0x0000008a   Code   RO         3943    i.bitext            tjpgd.o
    0x0800447e   0x0800447e   0x000001ae   Code   RO         3944    i.block_idct        tjpgd.o
    0x0800462c   0x0800462c   0x000001b4   Code   RO         3742    i.bmp_encode        bmp.o
    0x080047e0   0x080047e0   0x000000b0   Code   RO         5704    i.btn_check         button.o
    0x08004890   0x08004890   0x000000dc   Code   RO         5705    i.btn_creat         button.o
    0x0800496c   0x0800496c   0x0000002a   Code   RO         5706    i.btn_delete        button.o
    0x08004996   0x08004996   0x00000042   Code   RO         5707    i.btn_draw          button.o
    0x080049d8   0x080049d8   0x000000ee   Code   RO         5708    i.btn_draw_arcbtn   button.o
    0x08004ac6   0x08004ac6   0x00000080   Code   RO         5709    i.btn_draw_picbtn   button.o
    0x08004b46   0x08004b46   0x0000018e   Code   RO         5710    i.btn_draw_stdbtn   button.o
    0x08004cd4   0x08004cd4   0x00000058   Code   RO         5711    i.btn_draw_textabtn  button.o
    0x08004d2c   0x08004d2c   0x00000074   Code   RO         5712    i.btn_draw_textbbtn  button.o
    0x08004da0   0x08004da0   0x00000050   Code   RO         5714    i.btn_read_backcolor  button.o
    0x08004df0   0x08004df0   0x00000050   Code   RO         5715    i.btn_recover_backcolor  button.o
    0x08004e40   0x08004e40   0x00000078   Code   RO         2871    i.change_bitmap     ff.o
    0x08004eb8   0x08004eb8   0x000000f4   Code   RO         2872    i.check_fs          ff.o
    0x08004fac   0x08004fac   0x00000032   Code   RO         2873    i.clmt_clust        ff.o
    0x08004fde   0x08004fde   0x00000018   Code   RO         2874    i.clst2sect         ff.o
    0x08004ff6   0x08004ff6   0x00000002   PAD
    0x08004ff8   0x08004ff8   0x00000084   Code   RO         2875    i.cmp_lfn           ff.o
    0x0800507c   0x0800507c   0x0000016a   Code   RO         2876    i.create_chain      ff.o
    0x080051e6   0x080051e6   0x000001c0   Code   RO         3945    i.create_huffman_tbl  tjpgd.o
    0x080053a6   0x080053a6   0x00000002   PAD
    0x080053a8   0x080053a8   0x00000210   Code   RO         2877    i.create_name       ff.o
    0x080055b8   0x080055b8   0x0000012e   Code   RO         2878    i.create_partition  ff.o
    0x080056e6   0x080056e6   0x0000007a   Code   RO         2879    i.create_xdir       ff.o
    0x08005760   0x08005760   0x0000004c   Code   RO         1894    i.ct_iic_ack        ctiic.o
    0x080057ac   0x080057ac   0x00000048   Code   RO         1895    i.ct_iic_init       ctiic.o
    0x080057f4   0x080057f4   0x0000003c   Code   RO         1896    i.ct_iic_nack       ctiic.o
    0x08005830   0x08005830   0x0000005c   Code   RO         1897    i.ct_iic_read_byte  ctiic.o
    0x0800588c   0x0800588c   0x00000050   Code   RO         1898    i.ct_iic_send_byte  ctiic.o
    0x080058dc   0x080058dc   0x00000048   Code   RO         1899    i.ct_iic_start      ctiic.o
    0x08005924   0x08005924   0x0000003c   Code   RO         1900    i.ct_iic_stop       ctiic.o
    0x08005960   0x08005960   0x00000060   Code   RO         1901    i.ct_iic_wait_ack   ctiic.o
    0x080059c0   0x080059c0   0x00000010   Code   RO         2880    i.dbc_1st           ff.o
    0x080059d0   0x080059d0   0x00000038   Code   RO          700    i.delay_init        delay.o
    0x08005a08   0x08005a08   0x00000044   Code   RO          701    i.delay_ms          delay.o
    0x08005a4c   0x08005a4c   0x00000044   Code   RO          705    i.delay_us          delay.o
    0x08005a90   0x08005a90   0x00000058   Code   RO         2881    i.dir_alloc         ff.o
    0x08005ae8   0x08005ae8   0x000000a6   Code   RO         2882    i.dir_clear         ff.o
    0x08005b8e   0x08005b8e   0x00000146   Code   RO         2883    i.dir_find          ff.o
    0x08005cd4   0x08005cd4   0x000000c4   Code   RO         2884    i.dir_next          ff.o
    0x08005d98   0x08005d98   0x000000e2   Code   RO         2885    i.dir_read          ff.o
    0x08005e7a   0x08005e7a   0x00000002   PAD
    0x08005e7c   0x08005e7c   0x00000244   Code   RO         2886    i.dir_register      ff.o
    0x080060c0   0x080060c0   0x00000096   Code   RO         2888    i.dir_sdi           ff.o
    0x08006156   0x08006156   0x0000001c   Code   RO         2819    i.disk_initialize   diskio.o
    0x08006172   0x08006172   0x00000052   Code   RO         2820    i.disk_ioctl        diskio.o
    0x080061c4   0x080061c4   0x00000056   Code   RO         2821    i.disk_read         diskio.o
    0x0800621a   0x0800621a   0x00000004   Code   RO         2822    i.disk_status       diskio.o
    0x0800621e   0x0800621e   0x00000052   Code   RO         2823    i.disk_write        diskio.o
    0x08006270   0x08006270   0x0000002c   Code   RO          578    i.ebook_ctx_deinit  ebook.o
    0x0800629c   0x0800629c   0x00000088   Code   RO          579    i.ebook_ctx_init    ebook.o
    0x08006324   0x08006324   0x00000062   Code   RO          580    i.ebook_draw_page   ebook.o
    0x08006386   0x08006386   0x00000002   PAD
    0x08006388   0x08006388   0x0000041c   Code   RO          581    i.ebook_play        ebook.o
    0x080067a4   0x080067a4   0x00000172   Code   RO          582    i.ebook_scan_page_forward  ebook.o
    0x08006916   0x08006916   0x00000002   PAD
    0x08006918   0x08006918   0x00000048   Code   RO          583    i.ebook_show_page_num  ebook.o
    0x08006960   0x08006960   0x0000008a   Code   RO          584    i.ebook_turn_page   ebook.o
    0x080069ea   0x080069ea   0x0000000e   Code   RO         3365    i.exfuns_char_upper  exfuns.o
    0x080069f8   0x080069f8   0x0000015e   Code   RO         3366    i.exfuns_file_copy  exfuns.o
    0x08006b56   0x08006b56   0x00000002   PAD
    0x08006b58   0x08006b58   0x0000008c   Code   RO         3367    i.exfuns_file_type  exfuns.o
    0x08006be4   0x08006be4   0x000001b8   Code   RO         3368    i.exfuns_folder_copy  exfuns.o
    0x08006d9c   0x08006d9c   0x000000cc   Code   RO         3369    i.exfuns_get_folder_size  exfuns.o
    0x08006e68   0x08006e68   0x0000002e   Code   RO         3370    i.exfuns_get_free   exfuns.o
    0x08006e96   0x08006e96   0x00000028   Code   RO         3371    i.exfuns_get_src_dname  exfuns.o
    0x08006ebe   0x08006ebe   0x00000002   PAD
    0x08006ec0   0x08006ec0   0x00000034   Code   RO         3372    i.exfuns_init       exfuns.o
    0x08006ef4   0x08006ef4   0x00000026   Code   RO         2889    i.f_close           ff.o
    0x08006f1a   0x08006f1a   0x0000001e   Code   RO         2890    i.f_closedir        ff.o
    0x08006f38   0x08006f38   0x0000011a   Code   RO         2891    i.f_getfree         ff.o
    0x08007052   0x08007052   0x00000108   Code   RO         2892    i.f_getlabel        ff.o
    0x0800715a   0x0800715a   0x00000312   Code   RO         2894    i.f_lseek           ff.o
    0x0800746c   0x0800746c   0x00000186   Code   RO         2895    i.f_mkdir           ff.o
    0x080075f2   0x080075f2   0x00000002   PAD
    0x080075f4   0x080075f4   0x00000b50   Code   RO         2896    i.f_mkfs            ff.o
    0x08008144   0x08008144   0x00000050   Code   RO         2897    i.f_mount           ff.o
    0x08008194   0x08008194   0x000002a0   Code   RO         2898    i.f_open            ff.o
    0x08008434   0x08008434   0x000000ba   Code   RO         2899    i.f_opendir         ff.o
    0x080084ee   0x080084ee   0x0000019a   Code   RO         2903    i.f_read            ff.o
    0x08008688   0x08008688   0x00000076   Code   RO         2904    i.f_readdir         ff.o
    0x080086fe   0x080086fe   0x00000002   PAD
    0x08008700   0x08008700   0x000001a8   Code   RO         2906    i.f_setlabel        ff.o
    0x080088a8   0x080088a8   0x00000176   Code   RO         2908    i.f_sync            ff.o
    0x08008a1e   0x08008a1e   0x000001e6   Code   RO         2911    i.f_write           ff.o
    0x08008c04   0x08008c04   0x00000048   Code   RO         3311    i.ff_enter          ffsystem.o
    0x08008c4c   0x08008c4c   0x00000030   Code   RO         3312    i.ff_leave          ffsystem.o
    0x08008c7c   0x08008c7c   0x00000008   Code   RO         3313    i.ff_memalloc       ffsystem.o
    0x08008c84   0x08008c84   0x00000008   Code   RO         3314    i.ff_memfree        ffsystem.o
    0x08008c8c   0x08008c8c   0x00000070   Code   RO         3613    i.ff_oem2uni        myffunicode.o
    0x08008cfc   0x08008cfc   0x00000070   Code   RO         3614    i.ff_uni2oem        myffunicode.o
    0x08008d6c   0x08008d6c   0x00000088   Code   RO         3615    i.ff_wtoupper       myffunicode.o
    0x08008df4   0x08008df4   0x00000040   Code   RO         5904    i.filelist_delete   filelistbox.o
    0x08008e34   0x08008e34   0x00000022   Code   RO         5905    i.filelist_search   filelistbox.o
    0x08008e56   0x08008e56   0x00000002   PAD
    0x08008e58   0x08008e58   0x00000120   Code   RO         5907    i.filelistbox_add_disk  filelistbox.o
    0x08008f78   0x08008f78   0x00000096   Code   RO         5908    i.filelistbox_addlist  filelistbox.o
    0x0800900e   0x0800900e   0x00000070   Code   RO         5909    i.filelistbox_back  filelistbox.o
    0x0800907e   0x0800907e   0x00000002   PAD
    0x08009080   0x08009080   0x000004cc   Code   RO         5910    i.filelistbox_check  filelistbox.o
    0x0800954c   0x0800954c   0x0000013c   Code   RO         5911    i.filelistbox_check_filelist  filelistbox.o
    0x08009688   0x08009688   0x000000fc   Code   RO         5912    i.filelistbox_creat  filelistbox.o
    0x08009784   0x08009784   0x00000028   Code   RO         5913    i.filelistbox_delete  filelistbox.o
    0x080097ac   0x080097ac   0x00000150   Code   RO         5914    i.filelistbox_draw_list  filelistbox.o
    0x080098fc   0x080098fc   0x00000060   Code   RO         5915    i.filelistbox_draw_listbox  filelistbox.o
    0x0800995c   0x0800995c   0x0000001c   Code   RO         5916    i.filelistbox_get_pathdepth  filelistbox.o
    0x08009978   0x08009978   0x00000032   Code   RO         5917    i.filelistbox_rebuild_filelist  filelistbox.o
    0x080099aa   0x080099aa   0x00000142   Code   RO         5918    i.filelistbox_scan_filelist  filelistbox.o
    0x08009aec   0x08009aec   0x0000020c   Code   RO         5919    i.filelistbox_show_info  filelistbox.o
    0x08009cf8   0x08009cf8   0x00000124   Code   RO         5920    i.filelistbox_show_path  filelistbox.o
    0x08009e1c   0x08009e1c   0x0000002e   Code   RO         2912    i.fill_first_frag   ff.o
    0x08009e4a   0x08009e4a   0x00000032   Code   RO         2913    i.fill_last_frag    ff.o
    0x08009e7c   0x08009e7c   0x00000090   Code   RO         2914    i.find_bitmap       ff.o
    0x08009f0c   0x08009f0c   0x0000009c   Code   RO         2915    i.follow_path       ff.o
    0x08009fa8   0x08009fa8   0x0000003c   Code   RO         3650    i.fonts_init        fonts.o
    0x08009fe4   0x08009fe4   0x00000080   Code   RO         3651    i.fonts_progress_show  fonts.o
    0x0800a064   0x0800a064   0x000001e4   Code   RO         3652    i.fonts_update_font  fonts.o
    0x0800a248   0x0800a248   0x000000f0   Code   RO         3653    i.fonts_update_fontx  fonts.o
    0x0800a338   0x0800a338   0x00000018   Code   RO          873    i.fputc             usart.o
    0x0800a350   0x0800a350   0x000000e8   Code   RO         1963    i.ft5206_init       ft5206.o
    0x0800a438   0x0800a438   0x00000056   Code   RO         1964    i.ft5206_rd_reg     ft5206.o
    0x0800a48e   0x0800a48e   0x00000002   PAD
    0x0800a490   0x0800a490   0x0000013c   Code   RO         1965    i.ft5206_scan       ft5206.o
    0x0800a5cc   0x0800a5cc   0x00000048   Code   RO         1966    i.ft5206_wr_reg     ft5206.o
    0x0800a614   0x0800a614   0x0000009c   Code   RO         2916    i.gen_numname       ff.o
    0x0800a6b0   0x0800a6b0   0x00000132   Code   RO         2917    i.get_fat           ff.o
    0x0800a7e2   0x0800a7e2   0x00000002   PAD
    0x0800a7e4   0x0800a7e4   0x00000044   Code   RO         3315    i.get_fattime       ffsystem.o
    0x0800a828   0x0800a828   0x000001ce   Code   RO         2918    i.get_fileinfo      ff.o
    0x0800a9f6   0x0800a9f6   0x00000036   Code   RO         2919    i.get_ldnumber      ff.o
    0x0800aa2c   0x0800aa2c   0x0000014c   Code   RO         3781    i.gif_clear2bkcolor  gif.o
    0x0800ab78   0x0800ab78   0x00000154   Code   RO         3782    i.gif_decode        gif.o
    0x0800accc   0x0800accc   0x0000022c   Code   RO         3783    i.gif_dispimage     gif.o
    0x0800aef8   0x0800aef8   0x00000132   Code   RO         3784    i.gif_drawimage     gif.o
    0x0800b02a   0x0800b02a   0x0000003c   Code   RO         3785    i.gif_getdatablock  gif.o
    0x0800b066   0x0800b066   0x00000036   Code   RO         3786    i.gif_getinfo       gif.o
    0x0800b09c   0x0800b09c   0x0000023c   Code   RO         3787    i.gif_getnextbyte   gif.o
    0x0800b2d8   0x0800b2d8   0x0000012c   Code   RO         3788    i.gif_getnextcode   gif.o
    0x0800b404   0x0800b404   0x0000004e   Code   RO         3790    i.gif_readcolortbl  gif.o
    0x0800b452   0x0800b452   0x00000082   Code   RO         3791    i.gif_readextension  gif.o
    0x0800b4d4   0x0800b4d4   0x0000012c   Code   RO         2019    i.gt9xxx_init       gt9xxx.o
    0x0800b600   0x0800b600   0x00000060   Code   RO         2020    i.gt9xxx_rd_reg     gt9xxx.o
    0x0800b660   0x0800b660   0x000001c4   Code   RO         2021    i.gt9xxx_scan       gt9xxx.o
    0x0800b824   0x0800b824   0x00000052   Code   RO         2022    i.gt9xxx_wr_reg     gt9xxx.o
    0x0800b876   0x0800b876   0x00000002   PAD
    0x0800b878   0x0800b878   0x00000024   Code   RO         6062    i.gui_alpha_blend565  gui.o
    0x0800b89c   0x0800b89c   0x0000000c   Code   RO         6065    i.gui_disabs        gui.o
    0x0800b8a8   0x0800b8a8   0x00000078   Code   RO         6066    i.gui_draw_arc      gui.o
    0x0800b920   0x0800b920   0x000001b6   Code   RO         6067    i.gui_draw_arcrectangle  gui.o
    0x0800bad6   0x0800bad6   0x00000002   PAD
    0x0800bad8   0x0800bad8   0x00000050   Code   RO         6068    i.gui_draw_bigpoint  gui.o
    0x0800bb28   0x0800bb28   0x000000d2   Code   RO         6071    i.gui_draw_circle8  gui.o
    0x0800bbfa   0x0800bbfa   0x00000002   PAD
    0x0800bbfc   0x0800bbfc   0x00000030   Code   RO         6073    i.gui_draw_expoint  gui.o
    0x0800bc2c   0x0800bc2c   0x00000030   Code   RO         6074    i.gui_draw_hline    gui.o
    0x0800bc5c   0x0800bc5c   0x000000a0   Code   RO         6075    i.gui_draw_icos     gui.o
    0x0800bcfc   0x0800bcfc   0x000000a4   Code   RO         6076    i.gui_draw_icosalpha  gui.o
    0x0800bda0   0x0800bda0   0x00000046   Code   RO         6078    i.gui_draw_rectangle  gui.o
    0x0800bde6   0x0800bde6   0x00000002   PAD
    0x0800bde8   0x0800bde8   0x00000030   Code   RO         6080    i.gui_draw_vline    gui.o
    0x0800be18   0x0800be18   0x00000020   Code   RO         6082    i.gui_fill_color    gui.o
    0x0800be38   0x0800be38   0x00000028   Code   RO         6085    i.gui_fill_rectangle  gui.o
    0x0800be60   0x0800be60   0x00000050   Code   RO         6086    i.gui_get_key       gui.o
    0x0800beb0   0x0800beb0   0x0000005c   Code   RO         6087    i.gui_get_stringline  gui.o
    0x0800bf0c   0x0800bf0c   0x00000080   Code   RO         6088    i.gui_init          gui.o
    0x0800bf8c   0x0800bf8c   0x0000000e   Code   RO         6089    i.gui_memex_free    gui.o
    0x0800bf9a   0x0800bf9a   0x00000008   Code   RO         6090    i.gui_memex_malloc  gui.o
    0x0800bfa2   0x0800bfa2   0x0000000e   Code   RO         6091    i.gui_memin_free    gui.o
    0x0800bfb0   0x0800bfb0   0x00000008   Code   RO         6092    i.gui_memin_malloc  gui.o
    0x0800bfb8   0x0800bfb8   0x0000000a   Code   RO         6093    i.gui_memin_realloc  gui.o
    0x0800bfc2   0x0800bfc2   0x0000000e   Code   RO         6094    i.gui_memset        gui.o
    0x0800bfd0   0x0800bfd0   0x00000052   Code   RO         6095    i.gui_num2str       gui.o
    0x0800c022   0x0800c022   0x00000002   PAD
    0x0800c024   0x0800c024   0x00000028   Code   RO         6096    i.gui_path_name     gui.o
    0x0800c04c   0x0800c04c   0x00000024   Code   RO         6097    i.gui_pow           gui.o
    0x0800c070   0x0800c070   0x0000001e   Code   RO         6098    i.gui_rgb332torgb565  gui.o
    0x0800c08e   0x0800c08e   0x00000002   PAD
    0x0800c090   0x0800c090   0x0000017c   Code   RO         6100    i.gui_show_ptchar   gui.o
    0x0800c20c   0x0800c20c   0x000000d0   Code   RO         6101    i.gui_show_ptfont   gui.o
    0x0800c2dc   0x0800c2dc   0x000000f8   Code   RO         6102    i.gui_show_ptstr    gui.o
    0x0800c3d4   0x0800c3d4   0x000000c8   Code   RO         6104    i.gui_show_string   gui.o
    0x0800c49c   0x0800c49c   0x00000078   Code   RO         6105    i.gui_show_strmid   gui.o
    0x0800c514   0x0800c514   0x00000110   Code   RO         3946    i.huffext           tjpgd.o
    0x0800c624   0x0800c624   0x00000054   Code   RO         1617    i.iic_ack           myiic.o
    0x0800c678   0x0800c678   0x00000048   Code   RO         1618    i.iic_init          myiic.o
    0x0800c6c0   0x0800c6c0   0x00000040   Code   RO         1619    i.iic_nack          myiic.o
    0x0800c700   0x0800c700   0x00000068   Code   RO         1620    i.iic_read_byte     myiic.o
    0x0800c768   0x0800c768   0x00000058   Code   RO         1621    i.iic_send_byte     myiic.o
    0x0800c7c0   0x0800c7c0   0x0000004c   Code   RO         1622    i.iic_start         myiic.o
    0x0800c80c   0x0800c80c   0x00000040   Code   RO         1623    i.iic_stop          myiic.o
    0x0800c84c   0x0800c84c   0x00000068   Code   RO         1624    i.iic_wait_ack      myiic.o
    0x0800c8b4   0x0800c8b4   0x0000002e   Code   RO         2920    i.init_alloc_info   ff.o
    0x0800c8e2   0x0800c8e2   0x00000084   Code   RO         3947    i.jd_decomp         tjpgd.o
    0x0800c966   0x0800c966   0x00000002   PAD
    0x0800c968   0x0800c968   0x000002bc   Code   RO         3948    i.jd_prepare        tjpgd.o
    0x0800cc24   0x0800cc24   0x00000020   Code   RO         3949    i.jpeg_freeall      tjpgd.o
    0x0800cc44   0x0800cc44   0x0000002e   Code   RO         3950    i.jpeg_in_func      tjpgd.o
    0x0800cc72   0x0800cc72   0x00000002   PAD
    0x0800cc74   0x0800cc74   0x00000034   Code   RO         3951    i.jpeg_mallocall    tjpgd.o
    0x0800cca8   0x0800cca8   0x0000003c   Code   RO         3952    i.jpeg_out_func_fill  tjpgd.o
    0x0800cce4   0x0800cce4   0x000000a8   Code   RO         3953    i.jpeg_out_func_point  tjpgd.o
    0x0800cd8c   0x0800cd8c   0x000000c4   Code   RO         3954    i.jpg_decode        tjpgd.o
    0x0800ce50   0x0800ce50   0x0000004c   Code   RO         1213    i.key0_scan         key.o
    0x0800ce9c   0x0800ce9c   0x00000060   Code   RO         1214    i.key_init          key.o
    0x0800cefc   0x0800cefc   0x000000a8   Code   RO         1215    i.key_scan          key.o
    0x0800cfa4   0x0800cfa4   0x00000070   Code   RO          962    i.lcd_clear         lcd.o
    0x0800d014   0x0800d014   0x000000a4   Code   RO          963    i.lcd_color_fill    lcd.o
    0x0800d0b8   0x0800d0b8   0x000000e8   Code   RO          964    i.lcd_display_dir   lcd.o
    0x0800d1a0   0x0800d1a0   0x000000c4   Code   RO          967    i.lcd_draw_circle   lcd.o
    0x0800d264   0x0800d264   0x0000002c   Code   RO          968    i.lcd_draw_hline    lcd.o
    0x0800d290   0x0800d290   0x00000098   Code   RO          969    i.lcd_draw_line     lcd.o
    0x0800d328   0x0800d328   0x0000004c   Code   RO          970    i.lcd_draw_point    lcd.o
    0x0800d374   0x0800d374   0x00000434   Code   RO          972    i.lcd_ex_ili9341_reginit  lcd.o
    0x0800d7a8   0x0800d7a8   0x00000572   Code   RO          973    i.lcd_ex_ili9806_reginit  lcd.o
    0x0800dd1a   0x0800dd1a   0x00000002   PAD
    0x0800dd1c   0x0800dd1c   0x00001422   Code   RO          974    i.lcd_ex_nt35310_reginit  lcd.o
    0x0800f13e   0x0800f13e   0x00000002   PAD
    0x0800f140   0x0800f140   0x00000f44   Code   RO          975    i.lcd_ex_nt35510_reginit  lcd.o
    0x08010084   0x08010084   0x000002c4   Code   RO          976    i.lcd_ex_ssd1963_reginit  lcd.o
    0x08010348   0x08010348   0x00000340   Code   RO          977    i.lcd_ex_st7789_reginit  lcd.o
    0x08010688   0x08010688   0x0000039c   Code   RO          978    i.lcd_ex_st7796_reginit  lcd.o
    0x08010a24   0x08010a24   0x00000090   Code   RO          979    i.lcd_fill          lcd.o
    0x08010ab4   0x08010ab4   0x00000428   Code   RO          981    i.lcd_init          lcd.o
    0x08010edc   0x08010edc   0x00000010   Code   RO          982    i.lcd_pow           lcd.o
    0x08010eec   0x08010eec   0x00000060   Code   RO          983    i.lcd_rd_data       lcd.o
    0x08010f4c   0x08010f4c   0x000000a4   Code   RO          984    i.lcd_read_point    lcd.o
    0x08010ff0   0x08010ff0   0x00000330   Code   RO          985    i.lcd_scan_dir      lcd.o
    0x08011320   0x08011320   0x000002e8   Code   RO          986    i.lcd_set_cursor    lcd.o
    0x08011608   0x08011608   0x000000dc   Code   RO          988    i.lcd_show_char     lcd.o
    0x080116e4   0x080116e4   0x00000074   Code   RO          989    i.lcd_show_num      lcd.o
    0x08011758   0x08011758   0x00000056   Code   RO          990    i.lcd_show_string   lcd.o
    0x080117ae   0x080117ae   0x0000008a   Code   RO          991    i.lcd_show_xnum     lcd.o
    0x08011838   0x08011838   0x000000cc   Code   RO          992    i.lcd_ssd_backlight_set  lcd.o
    0x08011904   0x08011904   0x00000028   Code   RO          993    i.lcd_wr_xdata      lcd.o
    0x0801192c   0x0801192c   0x00000040   Code   RO          994    i.lcd_write_reg     lcd.o
    0x0801196c   0x0801196c   0x00000026   Code   RO         2921    i.ld_clust          ff.o
    0x08011992   0x08011992   0x00000016   Code   RO         2922    i.ld_dword          ff.o
    0x080119a8   0x080119a8   0x00000056   Code   RO         2923    i.ld_qword          ff.o
    0x080119fe   0x080119fe   0x0000000a   Code   RO         2924    i.ld_word           ff.o
    0x08011a08   0x08011a08   0x00000064   Code   RO          938    i.led_init          led.o
    0x08011a6c   0x08011a6c   0x0000003a   Code   RO         2925    i.load_obj_xdir     ff.o
    0x08011aa6   0x08011aa6   0x000000d0   Code   RO         2926    i.load_xdir         ff.o
    0x08011b76   0x08011b76   0x00000002   PAD
    0x08011b78   0x08011b78   0x00000040   Code   RO           14    i.main              main.o
    0x08011bb8   0x08011bb8   0x00000006   Code   RO           15    i.main_task         main.o
    0x08011bbe   0x08011bbe   0x00000002   PAD
    0x08011bc0   0x08011bc0   0x00000160   Code   RO         3956    i.mcu_load          tjpgd.o
    0x08011d20   0x08011d20   0x00000318   Code   RO         3957    i.mcu_output        tjpgd.o
    0x08012038   0x08012038   0x00000020   Code   RO         3447    i.mf_free           fattester.o
    0x08012058   0x08012058   0x00000034   Code   RO         3450    i.mf_init           fattester.o
    0x0801208c   0x0801208c   0x00000068   Code   RO         3461    i.mf_scan_files     fattester.o
    0x080120f4   0x080120f4   0x000002e8   Code   RO         3743    i.minibmp_decode    bmp.o
    0x080123dc   0x080123dc   0x000003b4   Code   RO         2927    i.mount_volume      ff.o
    0x08012790   0x08012790   0x00000032   Code   RO         2928    i.move_window       ff.o
    0x080127c2   0x080127c2   0x00000010   Code   RO         2746    i.my_mem_copy       malloc.o
    0x080127d2   0x080127d2   0x00000002   PAD
    0x080127d4   0x080127d4   0x0000002c   Code   RO         2747    i.my_mem_init       malloc.o
    0x08012800   0x08012800   0x0000008c   Code   RO         2748    i.my_mem_malloc     malloc.o
    0x0801288c   0x0801288c   0x0000003c   Code   RO         2749    i.my_mem_perused    malloc.o
    0x080128c8   0x080128c8   0x0000000c   Code   RO         2750    i.my_mem_set        malloc.o
    0x080128d4   0x080128d4   0x00000058   Code   RO         2751    i.myfree            malloc.o
    0x0801292c   0x0801292c   0x00000020   Code   RO         2752    i.mymalloc          malloc.o
    0x0801294c   0x0801294c   0x0000003c   Code   RO         2753    i.myrealloc         malloc.o
    0x08012988   0x08012988   0x00000034   Code   RO         1386    i.norflash_erase_chip  norflash.o
    0x080129bc   0x080129bc   0x0000003c   Code   RO         1387    i.norflash_erase_sector  norflash.o
    0x080129f8   0x080129f8   0x00000090   Code   RO         1388    i.norflash_init     norflash.o
    0x08012a88   0x08012a88   0x00000048   Code   RO         1389    i.norflash_read     norflash.o
    0x08012ad0   0x08012ad0   0x0000004c   Code   RO         1390    i.norflash_read_id  norflash.o
    0x08012b1c   0x08012b1c   0x00000044   Code   RO         1391    i.norflash_read_sr  norflash.o
    0x08012b60   0x08012b60   0x00000034   Code   RO         1392    i.norflash_send_address  norflash.o
    0x08012b94   0x08012b94   0x0000000e   Code   RO         1393    i.norflash_wait_busy  norflash.o
    0x08012ba2   0x08012ba2   0x000000ac   Code   RO         1394    i.norflash_write    norflash.o
    0x08012c4e   0x08012c4e   0x00000002   PAD
    0x08012c50   0x08012c50   0x00000028   Code   RO         1395    i.norflash_write_enable  norflash.o
    0x08012c78   0x08012c78   0x00000078   Code   RO         1396    i.norflash_write_nocheck  norflash.o
    0x08012cf0   0x08012cf0   0x00000044   Code   RO         1397    i.norflash_write_sr  norflash.o
    0x08012d34   0x08012d34   0x00000074   Code   RO         2929    i.pick_lfn          ff.o
    0x08012da8   0x08012da8   0x000000d0   Code   RO         3870    i.piclib_ai_draw_init  piclib.o
    0x08012e78   0x08012e78   0x00000088   Code   RO         3871    i.piclib_ai_load_picfile  piclib.o
    0x08012f00   0x08012f00   0x00000024   Code   RO         3872    i.piclib_alpha_blend  piclib.o
    0x08012f24   0x08012f24   0x00000018   Code   RO         3873    i.piclib_fill_color  piclib.o
    0x08012f3c   0x08012f3c   0x00000054   Code   RO         3874    i.piclib_init       piclib.o
    0x08012f90   0x08012f90   0x00000024   Code   RO         3927    i.piclib_is_element_ok  piclib.o
    0x08012fb4   0x08012fb4   0x00000008   Code   RO         3875    i.piclib_mem_free   piclib.o
    0x08012fbc   0x08012fbc   0x00000008   Code   RO         3876    i.piclib_mem_malloc  piclib.o
    0x08012fc4   0x08012fc4   0x000000f6   Code   RO         2930    i.put_fat           ff.o
    0x080130ba   0x080130ba   0x0000002e   Code   RO         2931    i.put_utf           ff.o
    0x080130e8   0x080130e8   0x00000004   Code   RO         4064    i.read_addr         usmart.o
    0x080130ec   0x080130ec   0x0000010c   Code   RO         2935    i.remove_chain      ff.o
    0x080131f8   0x080131f8   0x00000082   Code   RO         3958    i.restart           tjpgd.o
    0x0801327a   0x0801327a   0x00000002   PAD
    0x0801327c   0x0801327c   0x0000006c   Code   RO         1816    i.rtc_date2sec      rtc.o
    0x080132e8   0x080132e8   0x000000f0   Code   RO         1817    i.rtc_get_time      rtc.o
    0x080133d8   0x080133d8   0x00000048   Code   RO         1818    i.rtc_get_week      rtc.o
    0x08013420   0x08013420   0x00000198   Code   RO         1819    i.rtc_init          rtc.o
    0x080135b8   0x080135b8   0x00000026   Code   RO         1820    i.rtc_is_leap_year  rtc.o
    0x080135de   0x080135de   0x00000002   PAD
    0x080135e0   0x080135e0   0x0000000c   Code   RO         1821    i.rtc_read_bkr      rtc.o
    0x080135ec   0x080135ec   0x00000064   Code   RO         1823    i.rtc_set_time      rtc.o
    0x08013650   0x08013650   0x0000001c   Code   RO         1824    i.rtc_write_bkr     rtc.o
    0x0801366c   0x0801366c   0x00000286   Code   RO         6630    i.scrollbar_check   scrollbar.o
    0x080138f2   0x080138f2   0x00000072   Code   RO         6631    i.scrollbar_creat   scrollbar.o
    0x08013964   0x08013964   0x0000005a   Code   RO         6633    i.scrollbar_draw_btn  scrollbar.o
    0x080139be   0x080139be   0x000000f8   Code   RO         6634    i.scrollbar_draw_scrollbar  scrollbar.o
    0x08013ab6   0x08013ab6   0x00000002   PAD
    0x08013ab8   0x08013ab8   0x00000054   Code   RO         6635    i.scrollbar_draw_sign  scrollbar.o
    0x08013b0c   0x08013b0c   0x000000d8   Code   RO         6637    i.scrollbar_setpos  scrollbar.o
    0x08013be4   0x08013be4   0x0000001c   Code   RO         1286    i.sd_deselect       spi_sdcard.o
    0x08013c00   0x08013c00   0x00000022   Code   RO         1288    i.sd_get_csd        spi_sdcard.o
    0x08013c22   0x08013c22   0x00000076   Code   RO         1289    i.sd_get_sector_count  spi_sdcard.o
    0x08013c98   0x08013c98   0x0000001e   Code   RO         1290    i.sd_get_status     spi_sdcard.o
    0x08013cb6   0x08013cb6   0x00000002   PAD
    0x08013cb8   0x08013cb8   0x0000011c   Code   RO         1291    i.sd_init           spi_sdcard.o
    0x08013dd4   0x08013dd4   0x00000064   Code   RO         1292    i.sd_read_disk      spi_sdcard.o
    0x08013e38   0x08013e38   0x0000004c   Code   RO         1293    i.sd_receive_data   spi_sdcard.o
    0x08013e84   0x08013e84   0x0000004c   Code   RO         1294    i.sd_send_block     spi_sdcard.o
    0x08013ed0   0x08013ed0   0x00000098   Code   RO         1295    i.sd_send_cmd       spi_sdcard.o
    0x08013f68   0x08013f68   0x0000006c   Code   RO         1296    i.sd_spi_init       spi_sdcard.o
    0x08013fd4   0x08013fd4   0x00000020   Code   RO         1297    i.sd_wait_ready     spi_sdcard.o
    0x08013ff4   0x08013ff4   0x0000007c   Code   RO         1298    i.sd_write_disk     spi_sdcard.o
    0x08014070   0x08014070   0x000000e8   Code   RO         2157    i.slcd_dma_init     spblcd.o
    0x08014158   0x08014158   0x00000080   Code   RO         1250    i.spi1_init         spi.o
    0x080141d8   0x080141d8   0x0000001c   Code   RO         1251    i.spi1_read_write_byte  spi.o
    0x080141f4   0x080141f4   0x0000002c   Code   RO         1252    i.spi1_set_speed    spi.o
    0x08014220   0x08014220   0x00000028   Code   RO         2936    i.st_clust          ff.o
    0x08014248   0x08014248   0x00000010   Code   RO         2937    i.st_dword          ff.o
    0x08014258   0x08014258   0x0000004a   Code   RO         2938    i.st_qword          ff.o
    0x080142a2   0x080142a2   0x00000008   Code   RO         2939    i.st_word           ff.o
    0x080142aa   0x080142aa   0x00000002   PAD
    0x080142ac   0x080142ac   0x000000b0   Code   RO           16    i.start_task        main.o
    0x0801435c   0x0801435c   0x00000210   Code   RO         3744    i.stdbmp_decode     bmp.o
    0x0801456c   0x0801456c   0x0000006a   Code   RO         2940    i.store_xdir        ff.o
    0x080145d6   0x080145d6   0x0000001a   Code   RO         2941    i.sum_sfn           ff.o
    0x080145f0   0x080145f0   0x00000084   Code   RO         2942    i.sync_fs           ff.o
    0x08014674   0x08014674   0x00000046   Code   RO         2943    i.sync_window       ff.o
    0x080146ba   0x080146ba   0x00000002   PAD
    0x080146bc   0x080146bc   0x00000084   Code   RO          759    i.sys_clock_set     sys.o
    0x08014740   0x08014740   0x0000000a   Code   RO          760    i.sys_gpio_pin_get  sys.o
    0x0801474a   0x0801474a   0x00000014   Code   RO          761    i.sys_gpio_pin_set  sys.o
    0x0801475e   0x0801475e   0x00000002   PAD
    0x08014760   0x08014760   0x0000003c   Code   RO          762    i.sys_gpio_remap_set  sys.o
    0x0801479c   0x0801479c   0x000000b4   Code   RO          763    i.sys_gpio_set      sys.o
    0x08014850   0x08014850   0x0000005c   Code   RO          768    i.sys_nvic_init     sys.o
    0x080148ac   0x080148ac   0x00000010   Code   RO          769    i.sys_nvic_set_vector_table  sys.o
    0x080148bc   0x080148bc   0x00000060   Code   RO          772    i.sys_stm32_clock_init  sys.o
    0x0801491c   0x0801491c   0x00000068   Code   RO           17    i.system_error_show  main.o
    0x08014984   0x08014984   0x00000050   Code   RO           18    i.system_error_show_pass  main.o
    0x080149d4   0x080149d4   0x000001bc   Code   RO           19    i.system_files_erase  main.o
    0x08014b90   0x08014b90   0x00000100   Code   RO           20    i.system_font_update_confirm  main.o
    0x08014c90   0x08014c90   0x00000b74   Code   RO           21    i.system_init       main.o
    0x08015804   0x08015804   0x0000004e   Code   RO         2944    i.tchar2uni         ff.o
    0x08015852   0x08015852   0x00000002   PAD
    0x08015854   0x08015854   0x0000008c   Code   RO         3700    i.text_get_hz_mat   text.o
    0x080158e0   0x080158e0   0x00000308   Code   RO         2065    i.tp_adjust         touch.o
    0x08015be8   0x08015be8   0x00000110   Code   RO         2066    i.tp_adjust_info_show  touch.o
    0x08015cf8   0x08015cf8   0x0000007e   Code   RO         2068    i.tp_draw_touch_point  touch.o
    0x08015d76   0x08015d76   0x00000002   PAD
    0x08015d78   0x08015d78   0x00000024   Code   RO         2069    i.tp_get_adjust_data  touch.o
    0x08015d9c   0x08015d9c   0x00000160   Code   RO         2070    i.tp_init           touch.o
    0x08015efc   0x08015efc   0x000000e8   Code   RO         2071    i.tp_read_ad        touch.o
    0x08015fe4   0x08015fe4   0x00000060   Code   RO         2072    i.tp_read_xoy       touch.o
    0x08016044   0x08016044   0x00000034   Code   RO         2073    i.tp_read_xy        touch.o
    0x08016078   0x08016078   0x00000074   Code   RO         2074    i.tp_read_xy2       touch.o
    0x080160ec   0x080160ec   0x0000001c   Code   RO         2075    i.tp_save_adjust_data  touch.o
    0x08016108   0x08016108   0x000000c0   Code   RO         2076    i.tp_scan           touch.o
    0x080161c8   0x080161c8   0x000000a4   Code   RO          874    i.usart_init        usart.o
    0x0801626c   0x0801626c   0x00000058   Code   RO           22    i.usart_task        main.o
    0x080162c4   0x080162c4   0x00000094   Code   RO         4065    i.usmart_cmd_rec    usmart.o
    0x08016358   0x08016358   0x00000260   Code   RO         4066    i.usmart_exe        usmart.o
    0x080165b8   0x080165b8   0x000000a4   Code   RO         4208    i.usmart_get_aparm  usmart_str.o
    0x0801665c   0x0801665c   0x0000002e   Code   RO         4209    i.usmart_get_cmdname  usmart_str.o
    0x0801668a   0x0801668a   0x00000002   PAD
    0x0801668c   0x0801668c   0x00000168   Code   RO         4210    i.usmart_get_fname  usmart_str.o
    0x080167f4   0x080167f4   0x000000d0   Code   RO         4211    i.usmart_get_fparam  usmart_str.o
    0x080168c4   0x080168c4   0x00000020   Code   RO         4161    i.usmart_get_input_string  usmart_port.o
    0x080168e4   0x080168e4   0x00000024   Code   RO         4212    i.usmart_get_parmpos  usmart_str.o
    0x08016908   0x08016908   0x00000014   Code   RO         4067    i.usmart_init       usmart.o
    0x0801691c   0x0801691c   0x00000010   Code   RO         4213    i.usmart_pow        usmart_str.o
    0x0801692c   0x0801692c   0x00000090   Code   RO         4068    i.usmart_scan       usmart.o
    0x080169bc   0x080169bc   0x00000010   Code   RO         4214    i.usmart_search_nextc  usmart_str.o
    0x080169cc   0x080169cc   0x000000d6   Code   RO         4215    i.usmart_str2num    usmart_str.o
    0x08016aa2   0x08016aa2   0x00000018   Code   RO         4216    i.usmart_strcmp     usmart_str.o
    0x08016aba   0x08016aba   0x00000012   Code   RO         4217    i.usmart_strcopy    usmart_str.o
    0x08016acc   0x08016acc   0x00000012   Code   RO         4218    i.usmart_strlen     usmart_str.o
    0x08016ade   0x08016ade   0x00000002   PAD
    0x08016ae0   0x08016ae0   0x00000680   Code   RO         4069    i.usmart_sys_cmd_exe  usmart.o
    0x08017160   0x08017160   0x00000030   Code   RO         4162    i.usmart_timx_get_time  usmart_port.o
    0x08017190   0x08017190   0x00000054   Code   RO         4163    i.usmart_timx_init  usmart_port.o
    0x080171e4   0x080171e4   0x0000002c   Code   RO         4164    i.usmart_timx_reset_time  usmart_port.o
    0x08017210   0x08017210   0x0000003a   Code   RO         2945    i.validate          ff.o
    0x0801724a   0x0801724a   0x00000002   PAD
    0x0801724c   0x0801724c   0x000000d0   Code   RO           23    i.watch_task        main.o
    0x0801731c   0x0801731c   0x0000011c   Code   RO         6708    i.window_creat      window.o
    0x08017438   0x08017438   0x0000002a   Code   RO         6709    i.window_delete     window.o
    0x08017462   0x08017462   0x000001f4   Code   RO         6710    i.window_draw       window.o
    0x08017656   0x08017656   0x00000002   PAD
    0x08017658   0x08017658   0x0000028c   Code   RO         6711    i.window_msg_box    window.o
    0x080178e4   0x080178e4   0x00000050   Code   RO         6712    i.window_read_backcolor  window.o
    0x08017934   0x08017934   0x00000050   Code   RO         6713    i.window_recover_backcolor  window.o
    0x08017984   0x08017984   0x00000004   Code   RO         4070    i.write_addr        usmart.o
    0x08017988   0x08017988   0x00000034   Code   RO         2946    i.xdir_sum          ff.o
    0x080179bc   0x080179bc   0x0000003e   Code   RO         2947    i.xname_sum         ff.o
    0x080179fa   0x080179fa   0x00000010   Code   RO         2948    i.xsum32            ff.o
    0x08017a0a   0x08017a0a   0x00000002   PAD
    0x08017a0c   0x08017a0c   0x0000002c   Code   RO         9161    locale$$code        c_w.l(lc_numeric_c.o)
    0x08017a38   0x08017a38   0x00000150   Code   RO         8962    x$fpl$dadd          fz_ws.l(daddsub_clz.o)
    0x08017b88   0x08017b88   0x00000010   Code   RO         9065    x$fpl$dcheck1       fz_ws.l(dcheck1.o)
    0x08017b98   0x08017b98   0x00000018   Code   RO         9067    x$fpl$dcmpinf       fz_ws.l(dcmpi.o)
    0x08017bb0   0x08017bb0   0x000002b0   Code   RO         8969    x$fpl$ddiv          fz_ws.l(ddiv.o)
    0x08017e60   0x08017e60   0x0000005a   Code   RO         8976    x$fpl$dfixu         fz_ws.l(dfixu.o)
    0x08017eba   0x08017eba   0x0000002e   Code   RO         8981    x$fpl$dflt          fz_ws.l(dflt_clz.o)
    0x08017ee8   0x08017ee8   0x00000026   Code   RO         8980    x$fpl$dfltu         fz_ws.l(dflt_clz.o)
    0x08017f0e   0x08017f0e   0x00000002   PAD
    0x08017f10   0x08017f10   0x00000078   Code   RO         8986    x$fpl$dleqf         fz_ws.l(dleqf.o)
    0x08017f88   0x08017f88   0x00000154   Code   RO         8988    x$fpl$dmul          fz_ws.l(dmul.o)
    0x080180dc   0x080180dc   0x0000009c   Code   RO         9069    x$fpl$dnaninf       fz_ws.l(dnaninf.o)
    0x08018178   0x08018178   0x0000000c   Code   RO         9071    x$fpl$dretinf       fz_ws.l(dretinf.o)
    0x08018184   0x08018184   0x0000006c   Code   RO         8990    x$fpl$drleqf        fz_ws.l(drleqf.o)
    0x080181f0   0x080181f0   0x000001d4   Code   RO         8964    x$fpl$dsub          fz_ws.l(daddsub_clz.o)
    0x080183c4   0x080183c4   0x00000056   Code   RO         8992    x$fpl$f2d           fz_ws.l(f2d.o)
    0x0801841a   0x0801841a   0x00000002   PAD
    0x0801841c   0x0801841c   0x000000c4   Code   RO         8994    x$fpl$fadd          fz_ws.l(faddsub_clz.o)
    0x080184e0   0x080184e0   0x0000000c   Code   RO         9073    x$fpl$fcheck1       fz_ws.l(fcheck1.o)
    0x080184ec   0x080184ec   0x00000018   Code   RO         9075    x$fpl$fcmpinf       fz_ws.l(fcmpi.o)
    0x08018504   0x08018504   0x00000184   Code   RO         9001    x$fpl$fdiv          fz_ws.l(fdiv.o)
    0x08018688   0x08018688   0x00000068   Code   RO         9004    x$fpl$feqf          fz_ws.l(feqf.o)
    0x080186f0   0x080186f0   0x0000003e   Code   RO         9010    x$fpl$ffixu         fz_ws.l(ffixu.o)
    0x0801872e   0x0801872e   0x00000002   PAD
    0x08018730   0x08018730   0x00000030   Code   RO         9015    x$fpl$fflt          fz_ws.l(fflt_clz.o)
    0x08018760   0x08018760   0x00000026   Code   RO         9014    x$fpl$ffltu         fz_ws.l(fflt_clz.o)
    0x08018786   0x08018786   0x00000002   PAD
    0x08018788   0x08018788   0x00000068   Code   RO         9020    x$fpl$fleqf         fz_ws.l(fleqf.o)
    0x080187f0   0x080187f0   0x00000102   Code   RO         9022    x$fpl$fmul          fz_ws.l(fmul.o)
    0x080188f2   0x080188f2   0x0000008c   Code   RO         9077    x$fpl$fnaninf       fz_ws.l(fnaninf.o)
    0x0801897e   0x0801897e   0x0000000a   Code   RO         9079    x$fpl$fretinf       fz_ws.l(fretinf.o)
    0x08018988   0x08018988   0x000000ea   Code   RO         8996    x$fpl$fsub          fz_ws.l(faddsub_clz.o)
    0x08018a72   0x08018a72   0x00000004   Code   RO         9024    x$fpl$printf1       fz_ws.l(printf1.o)
    0x08018a76   0x08018a76   0x00000064   Code   RO         9163    x$fpl$retnan        fz_ws.l(retnan.o)
    0x08018ada   0x08018ada   0x0000005c   Code   RO         9026    x$fpl$scalbn        fz_ws.l(scalbn.o)
    0x08018b36   0x08018b36   0x0000004c   Code   RO         9028    x$fpl$scalbnf       fz_ws.l(scalbnf.o)
    0x08018b82   0x08018b82   0x00000030   Code   RO         9229    x$fpl$trapveneer    fz_ws.l(trapv.o)
    0x08018bb2   0x08018bb2   0x00000000   Code   RO         9083    x$fpl$usenofp       fz_ws.l(usenofp.o)
    0x08018bb2   0x08018bb2   0x00000002   PAD
    0x08018bb4   0x08018bb4   0x0000000c   Data   RO          382    .constdata          common.o
    0x08018bc0   0x08018bc0   0x000000b4   Data   RO          387    .constdata          common.o
    0x08018c74   0x08018c74   0x00000044   Data   RO          388    .constdata          common.o
    0x08018cb8   0x08018cb8   0x00000048   Data   RO          390    .constdata          common.o
    0x08018d00   0x08018d00   0x00000080   Data   RO          391    .constdata          common.o
    0x08018d80   0x08018d80   0x00000120   Data   RO          392    .constdata          common.o
    0x08018ea0   0x08018ea0   0x0000000c   Data   RO          585    .constdata          ebook.o
    0x08018eac   0x08018eac   0x00002f80   Data   RO          996    .constdata          lcd.o
    0x0801be2c   0x0801be2c   0x0000000a   Data   RO         1967    .constdata          ft5206.o
    0x0801be36   0x0801be36   0x00000014   Data   RO         2023    .constdata          gt9xxx.o
    0x0801be4a   0x0801be4a   0x00000002   PAD
    0x0801be4c   0x0801be4c   0x00000004   Data   RO         2077    .constdata          touch.o
    0x0801be50   0x0801be50   0x0000000c   Data   RO         2756    .constdata          malloc.o
    0x0801be5c   0x0801be5c   0x0000004c   Data   RO         2950    .constdata          ff.o
    0x0801bea8   0x0801bea8   0x000000c4   Data   RO         3374    .constdata          exfuns.o
    0x0801bf6c   0x0801bf6c   0x000002ae   Data   RO         3616    .constdata          myffunicode.o
    0x0801c21a   0x0801c21a   0x00000002   PAD
    0x0801c21c   0x0801c21c   0x00000020   Data   RO         3655    .constdata          fonts.o
    0x0801c23c   0x0801c23c   0x00000028   Data   RO         3792    .constdata          gif.o
    0x0801c264   0x0801c264   0x000004c0   Data   RO         3959    .constdata          tjpgd.o
    0x0801c724   0x0801c724   0x00000100   Data   RO         5093    .constdata          os_core.o
    0x0801c824   0x0801c824   0x00000060   Data   RO         5926    .constdata          filelistbox.o
    0x0801c884   0x0801c884   0x00006540   Data   RO         6109    .constdata          gui.o
    0x08022dc4   0x08022dc4   0x0000000c   Data   RO         6110    .constdata          gui.o
    0x08022dd0   0x08022dd0   0x0000000c   Data   RO         6112    .constdata          gui.o
    0x08022ddc   0x08022ddc   0x0000000c   Data   RO         6113    .constdata          gui.o
    0x08022de8   0x08022de8   0x00000030   Data   RO         6639    .constdata          scrollbar.o
    0x08022e18   0x08022e18   0x00000028   Data   RO         8889    .constdata          c_w.l(_printf_hex_int.o)
    0x08022e40   0x08022e40   0x00000011   Data   RO         8924    .constdata          c_w.l(__printf_flags_ss_wp.o)
    0x08022e51   0x08022e51   0x00000003   PAD
    0x08022e54   0x08022e54   0x00000094   Data   RO         9132    .constdata          c_w.l(bigflt0.o)
    0x08022ee8   0x08022ee8   0x00000011   Data   RO          394    .conststring        common.o
    0x08022ef9   0x08022ef9   0x00000003   PAD
    0x08022efc   0x08022efc   0x00000169   Data   RO          399    .conststring        common.o
    0x08023065   0x08023065   0x00000003   PAD
    0x08023068   0x08023068   0x000001c4   Data   RO          400    .conststring        common.o
    0x0802322c   0x0802322c   0x0000000f   Data   RO          586    .conststring        ebook.o
    0x0802323b   0x0802323b   0x00000001   PAD
    0x0802323c   0x0802323c   0x00000079   Data   RO         2078    .conststring        touch.o
    0x080232b5   0x080232b5   0x00000003   PAD
    0x080232b8   0x080232b8   0x00000050   Data   RO         3375    .conststring        exfuns.o
    0x08023308   0x08023308   0x000000af   Data   RO         3656    .conststring        fonts.o
    0x080233b7   0x080233b7   0x00000001   PAD
    0x080233b8   0x080233b8   0x00000028   Data   RO         4071    .conststring        usmart.o
    0x080233e0   0x080233e0   0x000001f1   Data   RO         4131    .conststring        usmart_config.o
    0x080235d1   0x080235d1   0x00000003   PAD
    0x080235d4   0x080235d4   0x000000c6   Data   RO         5927    .conststring        filelistbox.o
    0x0802369a   0x0802369a   0x00000002   PAD
    0x0802369c   0x0802369c   0x00000011   Data   RO         6115    .conststring        gui.o
    0x080236ad   0x080236ad   0x00000003   PAD
    0x080236b0   0x080236b0   0x0000000d   Data   RO         6117    .conststring        gui.o
    0x080236bd   0x080236bd   0x00000003   PAD
    0x080236c0   0x080236c0   0x0000000d   Data   RO         6118    .conststring        gui.o
    0x080236cd   0x080236cd   0x00000003   PAD
    0x080236d0   0x080236d0   0x00000020   Data   RO         9303    Region$$Table       anon$$obj.o
    0x080236f0   0x080236f0   0x0000001c   Data   RO         9160    locale$$data        c_w.l(lc_numeric_c.o)


    Execution Region RW_IRAM1 (Exec base: 0x20000000, Load base: 0x0802370c, Size: 0x0000b818, Max: 0x0000c000, ABSOLUTE, COMPRESSED[0x000000a0])

    Exec Addr    Load Addr    Size         Type   Attr      Idx    E Section Name        Object

    0x20000000   COMPRESSED   0x00000003   Data   RW           25    .data               main.o
    0x20000003   COMPRESSED   0x00000001   PAD
    0x20000004   COMPRESSED   0x00000004   Data   RW          401    .data               common.o
    0x20000008   COMPRESSED   0x00000004   Data   RW          402    .data               common.o
    0x2000000c   COMPRESSED   0x00000004   Data   RW          403    .data               common.o
    0x20000010   COMPRESSED   0x00000004   Data   RW          404    .data               common.o
    0x20000014   COMPRESSED   0x00000004   Data   RW          405    .data               common.o
    0x20000018   COMPRESSED   0x00000004   Data   RW          406    .data               common.o
    0x2000001c   COMPRESSED   0x00000004   Data   RW          407    .data               common.o
    0x20000020   COMPRESSED   0x0000000c   Data   RW          408    .data               common.o
    0x2000002c   COMPRESSED   0x00000008   Data   RW          706    .data               delay.o
    0x20000034   COMPRESSED   0x00000002   Data   RW          876    .data               usart.o
    0x20000036   COMPRESSED   0x00000002   PAD
    0x20000038   COMPRESSED   0x00000004   Data   RW          877    .data               usart.o
    0x2000003c   COMPRESSED   0x00000004   Data   RW          997    .data               lcd.o
    0x20000040   COMPRESSED   0x00000004   Data   RW          998    .data               lcd.o
    0x20000044   COMPRESSED   0x00000002   Data   RW         1216    .data               key.o
    0x20000046   COMPRESSED   0x00000001   Data   RW         1299    .data               spi_sdcard.o
    0x20000047   COMPRESSED   0x00000001   PAD
    0x20000048   COMPRESSED   0x00000002   Data   RW         1398    .data               norflash.o
    0x2000004a   COMPRESSED   0x00000001   Data   RW         1486    .data               adc.o
    0x2000004b   COMPRESSED   0x00000001   PAD
    0x2000004c   COMPRESSED   0x00000008   Data   RW         1776    .data               remote.o
    0x20000054   COMPRESSED   0x00000002   Data   RW         1825    .data               rtc.o
    0x20000056   COMPRESSED   0x00000001   Data   RW         1968    .data               ft5206.o
    0x20000057   COMPRESSED   0x00000002   Data   RW         2024    .data               gt9xxx.o
    0x20000059   COMPRESSED   0x00000003   PAD
    0x2000005c   COMPRESSED   0x00000048   Data   RW         2079    .data               touch.o
    0x200000a4   COMPRESSED   0x00000014   Data   RW         2757    .data               malloc.o
    0x200000b8   COMPRESSED   0x00000002   Data   RW         2952    .data               ff.o
    0x200000ba   COMPRESSED   0x00000002   PAD
    0x200000bc   COMPRESSED   0x00000008   Data   RW         3316    .data               ffsystem.o
    0x200000c4   COMPRESSED   0x00000001   Data   RW         3793    .data               gif.o
    0x200000c5   COMPRESSED   0x00000003   PAD
    0x200000c8   COMPRESSED   0x0000000c   Data   RW         3960    .data               tjpgd.o
    0x200000d4   COMPRESSED   0x0000001c   Data   RW         4072    .data               usmart.o
    0x200000f0   COMPRESSED   0x00000038   Data   RW         4132    .data               usmart_config.o
    0x20000128   COMPRESSED   0x000000f4   Data   RW         4133    .data               usmart_config.o
    0x2000021c   COMPRESSED   0x00000008   Data   RW         4976    .data               os_cpu_c.o
    0x20000224   COMPRESSED   0x0000003c   Data   RW         5094    .data               os_core.o
    0x20000260   COMPRESSED   0x00000004   Data   RW         5095    .data               os_core.o
    0x20000264   COMPRESSED   0x00000004   Data   RW         5096    .data               os_core.o
    0x20000268   COMPRESSED   0x00000008   Data   RW         5928    .data               filelistbox.o
    0x20000270   COMPRESSED   0x0000000e   Data   RW         6120    .data               gui.o
    0x2000027e   COMPRESSED   0x00000001   Data   RW         7618    .data               usbd_ctlreq.o
    0x2000027f   COMPRESSED   0x00000001   PAD
    0x20000280   COMPRESSED   0x00000008   Data   RW         8037    .data               usbd_conf.o
    0x20000288        -       0x00000800   Zero   RW           24    .bss                main.o
    0x20000a88        -       0x0000000a   Zero   RW          636    .bss                calendar.o
    0x20000a92        -       0x000000c8   Zero   RW          875    .bss                usart.o
    0x20000b5a        -       0x0000000e   Zero   RW          995    .bss                lcd.o
    0x20000b68   COMPRESSED   0x00000018   PAD
    0x20000b80        -       0x00009000   Zero   RW         2754    .bss                malloc.o
    0x20009b80        -       0x00000900   Zero   RW         2755    .bss                malloc.o
    0x2000a480        -       0x0000000c   Zero   RW         2949    .bss                ff.o
    0x2000a48c        -       0x0000000c   Zero   RW         3373    .bss                exfuns.o
    0x2000a498        -       0x00000180   Zero   RW         3468    .bss                fattester.o
    0x2000a618        -       0x00000021   Zero   RW         3654    .bss                fonts.o
    0x2000a639   COMPRESSED   0x00000003   PAD
    0x2000a63c        -       0x0000003c   Zero   RW         3877    .bss                piclib.o
    0x2000a678        -       0x00000400   Zero   RW         4975    .bss                os_cpu_c.o
    0x2000aa78        -       0x00000858   Zero   RW         5090    .bss                os_core.o
    0x2000b2d0        -       0x00000050   Zero   RW         5091    .bss                os_core.o
    0x2000b320        -       0x00000078   Zero   RW         5092    .bss                os_core.o
    0x2000b398        -       0x0000001d   Zero   RW         6108    .bss                gui.o
    0x2000b3b5   COMPRESSED   0x00000003   PAD
    0x2000b3b8        -       0x00000060   Zero   RW         9168    .bss                c_w.l(libspace.o)
    0x2000b418        -       0x00000000   Zero   RW            2    HEAP                startup_stm32f103xe.o
    0x2000b418        -       0x00000400   Zero   RW            1    STACK               startup_stm32f103xe.o


==============================================================================

Image component sizes


      Code (inc. data)   RO Data    RW Data    ZI Data      Debug   Object Name

       236          0          0          0          0       3947   24cxx.o
       256         26          0          1          0       1757   adc.o
      1708         26          0          0          0       8570   bmp.o
      1632         18          0          0          0      10914   button.o
         0          0          0          0         10        659   calendar.o
      1434        170       1578         40          0      11633   common.o
       608         40          0          0          0       5394   ctiic.o
       212         28          0          8          0       3281   delay.o
       282          0          0          0          0       5046   diskio.o
      1910         56         27          0          0       8276   ebook.o
      1286         20        276          0         12       8674   exfuns.o
       188         36          0          0        384       3100   fattester.o
     15322        208         76          2         12      87851   ff.o
       204         30          0          8          0       4074   ffsystem.o
      4132        106        294          8          0      18301   filelistbox.o
       912         72        207          0         33       5892   fonts.o
       706         36         10          1          0       4269   ft5206.o
      2728         26         40          1          0      13588   gif.o
       930         68         20          2          0       4083   gt9xxx.o
      3218        154      25999         14         29      28475   gui.o
       340         34          0          2          0       1762   key.o
     18884        274      12160          8         14      40584   lcd.o
       100         14          0          0          0        511   led.o
      4510        968          0          3       2048      28999   main.o
       452         46         12         20      39168       7127   malloc.o
       360         30        686          0          0       3384   myffunicode.o
       656         42          0          0          0       5346   myiic.o
       938         58          0          2          0       8655   norflash.o
      1560        170        256         68       2336      21729   os_core.o
       276         32          0          0          0        456   os_cpu_a.o
       250         24          0          8       1024      16899   os_cpu_c.o
       104         12          0          0          0       1770   os_flag.o
        68         10          0          0          0        667   os_q.o
       858        100          0          0          0       6437   os_task.o
       104         20          0          0          0        712   os_time.o
       540         46          0          0         60       6929   piclib.o
       236         14          0          8          0       1112   remote.o
      1138        114          0          2          0       6638   rtc.o
      1398         10         48          0          0       8064   scrollbar.o
         0          0          0          0          0     389048   spb.o
       232         20          0          0          0       9737   spblcd.o
       200         22          0          0          0       1880   spi.o
      1162         46          0          1          0       9458   spi_sdcard.o
        52         18        304          0       1024        940   startup_stm32f103xe.o
      1380          0          0          0          0       7639   stm32f1xx_hal_pcd.o
      1336          0          0          0          0      10006   stm32f1xx_ll_usb.o
       606         44          0          0          0       5929   sys.o
       140          6          0          0          0       1046   text.o
      3982         98       1216         12          0      20011   tjpgd.o
      2278        158        125         72          0      10660   touch.o
       290         34          0          6        200       4297   usart.o
       372         92          0          8          0      14588   usbd_conf.o
       602          0          0          0          0      26653   usbd_core.o
      1114         28          0          1          0      12063   usbd_ctlreq.o
       102          0          0          0          0       3748   usbd_ioreq.o
      2592       1310         40         28          0       6010   usmart.o
         0          0        497        300          0       1684   usmart_config.o
       260         44          0          0          0       2687   usmart_port.o
      1120         20          0          0          0       9703   usmart_str.o
      1638         42          0          0          0       8312   window.o

    ----------------------------------------------------------------------
     90250       5120      43932        648      46384     961664   Object Totals
         0          0         32          0          0          0   (incl. Generated)
       116          0         29         14         30          0   (incl. Padding)

    ----------------------------------------------------------------------

      Code (inc. data)   RO Data    RW Data    ZI Data      Debug   Library Member Name

        90          0          0          0          0          0   __dczerorl2.o
         8          0          0          0          0         68   __main.o
       392          4         17          0          0         92   __printf_flags_ss_wp.o
        14          0          0          0          0         68   __printf_wp.o
         0          0          0          0          0          0   __rtentry.o
        12          0          0          0          0          0   __rtentry2.o
         6          0          0          0          0          0   __rtentry4.o
        52          8          0          0          0          0   __scatter.o
        28          0          0          0          0          0   __scatter_zi.o
         6          0          0          0          0          0   _printf_c.o
        44          0          0          0          0        108   _printf_char.o
        48          6          0          0          0         96   _printf_char_common.o
        36          4          0          0          0         80   _printf_char_file.o
         6          0          0          0          0          0   _printf_d.o
       120         16          0          0          0         92   _printf_dec.o
         6          0          0          0          0          0   _printf_f.o
      1054          0          0          0          0        216   _printf_fp_dec.o
       128         16          0          0          0         84   _printf_fp_infnan.o
        88          4         40          0          0         88   _printf_hex_int.o
       178          0          0          0          0         88   _printf_intcommon.o
        78          0          0          0          0        108   _printf_pad.o
         0          0          0          0          0          0   _printf_percent.o
         4          0          0          0          0          0   _printf_percent_end.o
         6          0          0          0          0          0   _printf_s.o
        82          0          0          0          0         80   _printf_str.o
         6          0          0          0          0          0   _printf_u.o
         6          0          0          0          0          0   _printf_x.o
        10          0          0          0          0         68   _sputc.o
        16          0          0          0          0         68   aeabi_memset.o
       228          4        148          0          0         96   bigflt0.o
      1936        128          0          0          0        672   btod.o
        18          0          0          0          0         80   exit.o
         8          0          0          0          0         68   ferror.o
         6          0          0          0          0        152   heapauxi.o
        44         10         28          0          0         76   lc_numeric_c.o
         2          0          0          0          0          0   libinit.o
        18          0          0          0          0          0   libinit2.o
         2          0          0          0          0          0   libshutdown.o
         2          0          0          0          0          0   libshutdown2.o
         8          4          0          0         96         68   libspace.o
        72          0          0          0          0         76   llsdiv.o
       138          0          0          0          0         80   lludiv10.o
       238          0          0          0          0        100   lludivv7m.o
        88          0          0          0          0         76   memcmp.o
        24          4          0          0          0         84   noretval__2printf.o
        40          6          0          0          0         84   noretval__2sprintf.o
         8          4          0          0          0         68   rt_locale_intlibspace.o
        68          0          0          0          0         68   rt_memclr.o
        78          0          0          0          0         80   rt_memclr_w.o
       138          0          0          0          0         68   rt_memcpy_v6.o
       100          0          0          0          0         80   rt_memcpy_w.o
         2          0          0          0          0          0   rtexit.o
        10          0          0          0          0          0   rtexit2.o
        24          0          0          0          0         68   strcat.o
        20          0          0          0          0         68   strchr.o
       128          0          0          0          0         68   strcmpv7m.o
        72          0          0          0          0         80   strcpy.o
        62          0          0          0          0         76   strlen.o
        36          0          0          0          0         80   strstr.o
        74          0          0          0          0         80   sys_stackheap_outer.o
         2          0          0          0          0         68   use_no_semi.o
         2          0          0          0          0         68   use_no_semi_2.o
       804         16          0          0          0        272   daddsub_clz.o
        16          4          0          0          0         68   dcheck1.o
        24          0          0          0          0         68   dcmpi.o
       688        140          0          0          0        208   ddiv.o
        90          4          0          0          0         92   dfixu.o
        84          0          0          0          0        136   dflt_clz.o
       120          4          0          0          0         92   dleqf.o
       340         12          0          0          0        104   dmul.o
       156          4          0          0          0         92   dnaninf.o
        12          0          0          0          0         68   dretinf.o
       108          0          0          0          0         80   drleqf.o
        86          4          0          0          0         84   f2d.o
       430          8          0          0          0        168   faddsub_clz.o
        12          4          0          0          0         68   fcheck1.o
        24          0          0          0          0         68   fcmpi.o
       388         76          0          0          0         96   fdiv.o
       104          4          0          0          0         84   feqf.o
        62          4          0          0          0         84   ffixu.o
        86          0          0          0          0        136   fflt_clz.o
       104          4          0          0          0         84   fleqf.o
       258          4          0          0          0         84   fmul.o
       140          4          0          0          0         84   fnaninf.o
        10          0          0          0          0         68   fretinf.o
         4          0          0          0          0         68   printf1.o
       100          0          0          0          0         68   retnan.o
        92          0          0          0          0         68   scalbn.o
        76          0          0          0          0         68   scalbnf.o
        48          0          0          0          0         68   trapv.o
         0          0          0          0          0          0   usenofp.o
        40          0          0          0          0         68   fpclassify.o

    ----------------------------------------------------------------------
     10746        514        236          0         96       6932   Library Totals
        20          0          3          0          0          0   (incl. Padding)

    ----------------------------------------------------------------------

      Code (inc. data)   RO Data    RW Data    ZI Data      Debug   Library Name

      6220        218        233          0         96       4136   c_w.l
      4466        296          0          0          0       2728   fz_ws.l
        40          0          0          0          0         68   m_ws.l

    ----------------------------------------------------------------------
     10746        514        236          0         96       6932   Library Totals

    ----------------------------------------------------------------------

==============================================================================


      Code (inc. data)   RO Data    RW Data    ZI Data      Debug   

    100996       5634      44168        648      46480     939160   Grand Totals
    100996       5634      44168        160      46480     939160   ELF Image Totals (compressed)
    100996       5634      44168        160          0          0   ROM Totals

==============================================================================

    Total RO  Size (Code + RO Data)               145164 ( 141.76kB)
    Total RW  Size (RW Data + ZI Data)             47128 (  46.02kB)
    Total ROM Size (Code + RO Data + RW Data)     145324 ( 141.92kB)

==============================================================================

